// Jest Snapshot v1, https://goo.gl/fbAQLP

exports[`activeBoardCalculationSaga should match snapshot 1`] = `
Object {
  "fork": Array [
    Object {
      "@@redux-saga/IO": true,
      "combinator": false,
      "payload": Object {
        "args": Array [
          "activeBoardsReducer/calculate-active-boards",
          "@@redux-saga-test-plan/json/function/calculateActiveBoards",
        ],
        "context": null,
        "fn": "@@redux-saga-test-plan/json/function/takeEvery",
      },
      "type": "FORK",
    },
    Object {
      "@@redux-saga/IO": true,
      "combinator": false,
      "payload": Object {
        "args": Array [
          Object {
            "type": "activeBoardsReducer/calculate-active-boards",
          },
        ],
        "context": null,
        "fn": "@@redux-saga-test-plan/json/function/calculateActiveBoards",
      },
      "type": "FORK",
    },
  ],
  "select": Array [
    Object {
      "@@redux-saga/IO": true,
      "combinator": false,
      "payload": Object {
        "args": Array [],
        "selector": "@@redux-saga-test-plan/json/function/getMoves",
      },
      "type": "SELECT",
    },
  ],
  "take": Array [
    Object {
      "@@redux-saga/IO": true,
      "combinator": false,
      "payload": Object {
        "pattern": "activeBoardsReducer/calculate-active-boards",
      },
      "type": "TAKE",
    },
    Object {
      "@@redux-saga/IO": true,
      "combinator": false,
      "payload": Object {
        "pattern": "activeBoardsReducer/calculate-active-boards",
      },
      "type": "TAKE",
    },
  ],
}
`;
