// Jest Snapshot v1, https://goo.gl/fbAQLP

exports[`loadFinishedGameSaga should match snapshot 1`] = `
Object {
  "fork": Array [
    Object {
      "@@redux-saga/IO": true,
      "FORK": Object {
        "args": Array [
          "analysisGameReducer/load-finished-game-by-id",
          "@@redux-saga-test-plan/json/function/loadFinishedGameById",
        ],
        "context": null,
        "fn": "@@redux-saga-test-plan/json/function/takeEvery",
      },
    },
    Object {
      "@@redux-saga/IO": true,
      "FORK": Object {
        "args": Array [
          "analysisGameReducer/load-latest-finished-game",
          "@@redux-saga-test-plan/json/function/loadLatestFinishedGame",
        ],
        "context": null,
        "fn": "@@redux-saga-test-plan/json/function/takeEvery",
      },
    },
    Object {
      "@@redux-saga/IO": true,
      "FORK": Object {
        "args": Array [
          Object {
            "payload": "1",
            "type": "analysisGameReducer/load-finished-game-by-id",
          },
        ],
        "context": null,
        "fn": "@@redux-saga-test-plan/json/function/<anonymous>",
      },
    },
  ],
  "put": Array [
    Object {
      "@@redux-saga/IO": true,
      "PUT": Object {
        "action": Object {
          "payload": Object {
            "activeBoards": Array [],
            "board": Array [
              Object {
                "position": Object {
                  "x": 0,
                  "y": 0,
                },
                "tiles": Array [
                  Object {
                    "boardPosition": Object {
                      "x": 0,
                      "y": 0,
                    },
                    "position": Object {
                      "x": 0,
                      "y": 0,
                    },
                    "value": 2,
                  },
                  Object {
                    "boardPosition": Object {
                      "x": 0,
                      "y": 0,
                    },
                    "position": Object {
                      "x": 0,
                      "y": 1,
                    },
                    "value": 2,
                  },
                  Object {
                    "boardPosition": Object {
                      "x": 0,
                      "y": 0,
                    },
                    "position": Object {
                      "x": 0,
                      "y": 2,
                    },
                    "value": 2,
                  },
                  Object {
                    "boardPosition": Object {
                      "x": 0,
                      "y": 0,
                    },
                    "position": Object {
                      "x": 1,
                      "y": 0,
                    },
                    "value": 2,
                  },
                  Object {
                    "boardPosition": Object {
                      "x": 0,
                      "y": 0,
                    },
                    "position": Object {
                      "x": 1,
                      "y": 1,
                    },
                    "value": 2,
                  },
                  Object {
                    "boardPosition": Object {
                      "x": 0,
                      "y": 0,
                    },
                    "position": Object {
                      "x": 1,
                      "y": 2,
                    },
                    "value": 2,
                  },
                  Object {
                    "boardPosition": Object {
                      "x": 0,
                      "y": 0,
                    },
                    "position": Object {
                      "x": 2,
                      "y": 0,
                    },
                    "value": 2,
                  },
                  Object {
                    "boardPosition": Object {
                      "x": 0,
                      "y": 0,
                    },
                    "position": Object {
                      "x": 2,
                      "y": 1,
                    },
                    "value": 0,
                  },
                  Object {
                    "boardPosition": Object {
                      "x": 0,
                      "y": 0,
                    },
                    "position": Object {
                      "x": 2,
                      "y": 2,
                    },
                    "value": 2,
                  },
                ],
                "value": 2,
              },
              Object {
                "position": Object {
                  "x": 0,
                  "y": 1,
                },
                "tiles": Array [
                  Object {
                    "boardPosition": Object {
                      "x": 0,
                      "y": 1,
                    },
                    "position": Object {
                      "x": 0,
                      "y": 0,
                    },
                    "value": 2,
                  },
                  Object {
                    "boardPosition": Object {
                      "x": 0,
                      "y": 1,
                    },
                    "position": Object {
                      "x": 0,
                      "y": 1,
                    },
                    "value": 2,
                  },
                  Object {
                    "boardPosition": Object {
                      "x": 0,
                      "y": 1,
                    },
                    "position": Object {
                      "x": 0,
                      "y": 2,
                    },
                    "value": 2,
                  },
                  Object {
                    "boardPosition": Object {
                      "x": 0,
                      "y": 1,
                    },
                    "position": Object {
                      "x": 1,
                      "y": 0,
                    },
                    "value": 1,
                  },
                  Object {
                    "boardPosition": Object {
                      "x": 0,
                      "y": 1,
                    },
                    "position": Object {
                      "x": 1,
                      "y": 1,
                    },
                    "value": 1,
                  },
                  Object {
                    "boardPosition": Object {
                      "x": 0,
                      "y": 1,
                    },
                    "position": Object {
                      "x": 1,
                      "y": 2,
                    },
                    "value": 2,
                  },
                  Object {
                    "boardPosition": Object {
                      "x": 0,
                      "y": 1,
                    },
                    "position": Object {
                      "x": 2,
                      "y": 0,
                    },
                    "value": 2,
                  },
                  Object {
                    "boardPosition": Object {
                      "x": 0,
                      "y": 1,
                    },
                    "position": Object {
                      "x": 2,
                      "y": 1,
                    },
                    "value": 2,
                  },
                  Object {
                    "boardPosition": Object {
                      "x": 0,
                      "y": 1,
                    },
                    "position": Object {
                      "x": 2,
                      "y": 2,
                    },
                    "value": 2,
                  },
                ],
                "value": 2,
              },
              Object {
                "position": Object {
                  "x": 0,
                  "y": 2,
                },
                "tiles": Array [
                  Object {
                    "boardPosition": Object {
                      "x": 0,
                      "y": 2,
                    },
                    "position": Object {
                      "x": 0,
                      "y": 0,
                    },
                    "value": 2,
                  },
                  Object {
                    "boardPosition": Object {
                      "x": 0,
                      "y": 2,
                    },
                    "position": Object {
                      "x": 0,
                      "y": 1,
                    },
                    "value": 2,
                  },
                  Object {
                    "boardPosition": Object {
                      "x": 0,
                      "y": 2,
                    },
                    "position": Object {
                      "x": 0,
                      "y": 2,
                    },
                    "value": 2,
                  },
                  Object {
                    "boardPosition": Object {
                      "x": 0,
                      "y": 2,
                    },
                    "position": Object {
                      "x": 1,
                      "y": 0,
                    },
                    "value": 2,
                  },
                  Object {
                    "boardPosition": Object {
                      "x": 0,
                      "y": 2,
                    },
                    "position": Object {
                      "x": 1,
                      "y": 1,
                    },
                    "value": 2,
                  },
                  Object {
                    "boardPosition": Object {
                      "x": 0,
                      "y": 2,
                    },
                    "position": Object {
                      "x": 1,
                      "y": 2,
                    },
                    "value": 2,
                  },
                  Object {
                    "boardPosition": Object {
                      "x": 0,
                      "y": 2,
                    },
                    "position": Object {
                      "x": 2,
                      "y": 0,
                    },
                    "value": 2,
                  },
                  Object {
                    "boardPosition": Object {
                      "x": 0,
                      "y": 2,
                    },
                    "position": Object {
                      "x": 2,
                      "y": 1,
                    },
                    "value": 2,
                  },
                  Object {
                    "boardPosition": Object {
                      "x": 0,
                      "y": 2,
                    },
                    "position": Object {
                      "x": 2,
                      "y": 2,
                    },
                    "value": 2,
                  },
                ],
                "value": 2,
              },
              Object {
                "position": Object {
                  "x": 1,
                  "y": 0,
                },
                "tiles": Array [
                  Object {
                    "boardPosition": Object {
                      "x": 1,
                      "y": 0,
                    },
                    "position": Object {
                      "x": 0,
                      "y": 0,
                    },
                    "value": 2,
                  },
                  Object {
                    "boardPosition": Object {
                      "x": 1,
                      "y": 0,
                    },
                    "position": Object {
                      "x": 0,
                      "y": 1,
                    },
                    "value": 2,
                  },
                  Object {
                    "boardPosition": Object {
                      "x": 1,
                      "y": 0,
                    },
                    "position": Object {
                      "x": 0,
                      "y": 2,
                    },
                    "value": 2,
                  },
                  Object {
                    "boardPosition": Object {
                      "x": 1,
                      "y": 0,
                    },
                    "position": Object {
                      "x": 1,
                      "y": 0,
                    },
                    "value": 2,
                  },
                  Object {
                    "boardPosition": Object {
                      "x": 1,
                      "y": 0,
                    },
                    "position": Object {
                      "x": 1,
                      "y": 1,
                    },
                    "value": 2,
                  },
                  Object {
                    "boardPosition": Object {
                      "x": 1,
                      "y": 0,
                    },
                    "position": Object {
                      "x": 1,
                      "y": 2,
                    },
                    "value": 2,
                  },
                  Object {
                    "boardPosition": Object {
                      "x": 1,
                      "y": 0,
                    },
                    "position": Object {
                      "x": 2,
                      "y": 0,
                    },
                    "value": 0,
                  },
                  Object {
                    "boardPosition": Object {
                      "x": 1,
                      "y": 0,
                    },
                    "position": Object {
                      "x": 2,
                      "y": 1,
                    },
                    "value": 0,
                  },
                  Object {
                    "boardPosition": Object {
                      "x": 1,
                      "y": 0,
                    },
                    "position": Object {
                      "x": 2,
                      "y": 2,
                    },
                    "value": 0,
                  },
                ],
                "value": 0,
              },
              Object {
                "position": Object {
                  "x": 1,
                  "y": 1,
                },
                "tiles": Array [
                  Object {
                    "boardPosition": Object {
                      "x": 1,
                      "y": 1,
                    },
                    "position": Object {
                      "x": 0,
                      "y": 0,
                    },
                    "value": 2,
                  },
                  Object {
                    "boardPosition": Object {
                      "x": 1,
                      "y": 1,
                    },
                    "position": Object {
                      "x": 0,
                      "y": 1,
                    },
                    "value": 0,
                  },
                  Object {
                    "boardPosition": Object {
                      "x": 1,
                      "y": 1,
                    },
                    "position": Object {
                      "x": 0,
                      "y": 2,
                    },
                    "value": 2,
                  },
                  Object {
                    "boardPosition": Object {
                      "x": 1,
                      "y": 1,
                    },
                    "position": Object {
                      "x": 1,
                      "y": 0,
                    },
                    "value": 2,
                  },
                  Object {
                    "boardPosition": Object {
                      "x": 1,
                      "y": 1,
                    },
                    "position": Object {
                      "x": 1,
                      "y": 1,
                    },
                    "value": 0,
                  },
                  Object {
                    "boardPosition": Object {
                      "x": 1,
                      "y": 1,
                    },
                    "position": Object {
                      "x": 1,
                      "y": 2,
                    },
                    "value": 1,
                  },
                  Object {
                    "boardPosition": Object {
                      "x": 1,
                      "y": 1,
                    },
                    "position": Object {
                      "x": 2,
                      "y": 0,
                    },
                    "value": 2,
                  },
                  Object {
                    "boardPosition": Object {
                      "x": 1,
                      "y": 1,
                    },
                    "position": Object {
                      "x": 2,
                      "y": 1,
                    },
                    "value": 0,
                  },
                  Object {
                    "boardPosition": Object {
                      "x": 1,
                      "y": 1,
                    },
                    "position": Object {
                      "x": 2,
                      "y": 2,
                    },
                    "value": 1,
                  },
                ],
                "value": 0,
              },
              Object {
                "position": Object {
                  "x": 1,
                  "y": 2,
                },
                "tiles": Array [
                  Object {
                    "boardPosition": Object {
                      "x": 1,
                      "y": 2,
                    },
                    "position": Object {
                      "x": 0,
                      "y": 0,
                    },
                    "value": 2,
                  },
                  Object {
                    "boardPosition": Object {
                      "x": 1,
                      "y": 2,
                    },
                    "position": Object {
                      "x": 0,
                      "y": 1,
                    },
                    "value": 2,
                  },
                  Object {
                    "boardPosition": Object {
                      "x": 1,
                      "y": 2,
                    },
                    "position": Object {
                      "x": 0,
                      "y": 2,
                    },
                    "value": 0,
                  },
                  Object {
                    "boardPosition": Object {
                      "x": 1,
                      "y": 2,
                    },
                    "position": Object {
                      "x": 1,
                      "y": 0,
                    },
                    "value": 2,
                  },
                  Object {
                    "boardPosition": Object {
                      "x": 1,
                      "y": 2,
                    },
                    "position": Object {
                      "x": 1,
                      "y": 1,
                    },
                    "value": 1,
                  },
                  Object {
                    "boardPosition": Object {
                      "x": 1,
                      "y": 2,
                    },
                    "position": Object {
                      "x": 1,
                      "y": 2,
                    },
                    "value": 0,
                  },
                  Object {
                    "boardPosition": Object {
                      "x": 1,
                      "y": 2,
                    },
                    "position": Object {
                      "x": 2,
                      "y": 0,
                    },
                    "value": 2,
                  },
                  Object {
                    "boardPosition": Object {
                      "x": 1,
                      "y": 2,
                    },
                    "position": Object {
                      "x": 2,
                      "y": 1,
                    },
                    "value": 2,
                  },
                  Object {
                    "boardPosition": Object {
                      "x": 1,
                      "y": 2,
                    },
                    "position": Object {
                      "x": 2,
                      "y": 2,
                    },
                    "value": 0,
                  },
                ],
                "value": 0,
              },
              Object {
                "position": Object {
                  "x": 2,
                  "y": 0,
                },
                "tiles": Array [
                  Object {
                    "boardPosition": Object {
                      "x": 2,
                      "y": 0,
                    },
                    "position": Object {
                      "x": 0,
                      "y": 0,
                    },
                    "value": 2,
                  },
                  Object {
                    "boardPosition": Object {
                      "x": 2,
                      "y": 0,
                    },
                    "position": Object {
                      "x": 0,
                      "y": 1,
                    },
                    "value": 2,
                  },
                  Object {
                    "boardPosition": Object {
                      "x": 2,
                      "y": 0,
                    },
                    "position": Object {
                      "x": 0,
                      "y": 2,
                    },
                    "value": 2,
                  },
                  Object {
                    "boardPosition": Object {
                      "x": 2,
                      "y": 0,
                    },
                    "position": Object {
                      "x": 1,
                      "y": 0,
                    },
                    "value": 2,
                  },
                  Object {
                    "boardPosition": Object {
                      "x": 2,
                      "y": 0,
                    },
                    "position": Object {
                      "x": 1,
                      "y": 1,
                    },
                    "value": 2,
                  },
                  Object {
                    "boardPosition": Object {
                      "x": 2,
                      "y": 0,
                    },
                    "position": Object {
                      "x": 1,
                      "y": 2,
                    },
                    "value": 1,
                  },
                  Object {
                    "boardPosition": Object {
                      "x": 2,
                      "y": 0,
                    },
                    "position": Object {
                      "x": 2,
                      "y": 0,
                    },
                    "value": 2,
                  },
                  Object {
                    "boardPosition": Object {
                      "x": 2,
                      "y": 0,
                    },
                    "position": Object {
                      "x": 2,
                      "y": 1,
                    },
                    "value": 2,
                  },
                  Object {
                    "boardPosition": Object {
                      "x": 2,
                      "y": 0,
                    },
                    "position": Object {
                      "x": 2,
                      "y": 2,
                    },
                    "value": 0,
                  },
                ],
                "value": 2,
              },
              Object {
                "position": Object {
                  "x": 2,
                  "y": 1,
                },
                "tiles": Array [
                  Object {
                    "boardPosition": Object {
                      "x": 2,
                      "y": 1,
                    },
                    "position": Object {
                      "x": 0,
                      "y": 0,
                    },
                    "value": 2,
                  },
                  Object {
                    "boardPosition": Object {
                      "x": 2,
                      "y": 1,
                    },
                    "position": Object {
                      "x": 0,
                      "y": 1,
                    },
                    "value": 2,
                  },
                  Object {
                    "boardPosition": Object {
                      "x": 2,
                      "y": 1,
                    },
                    "position": Object {
                      "x": 0,
                      "y": 2,
                    },
                    "value": 2,
                  },
                  Object {
                    "boardPosition": Object {
                      "x": 2,
                      "y": 1,
                    },
                    "position": Object {
                      "x": 1,
                      "y": 0,
                    },
                    "value": 1,
                  },
                  Object {
                    "boardPosition": Object {
                      "x": 2,
                      "y": 1,
                    },
                    "position": Object {
                      "x": 1,
                      "y": 1,
                    },
                    "value": 1,
                  },
                  Object {
                    "boardPosition": Object {
                      "x": 2,
                      "y": 1,
                    },
                    "position": Object {
                      "x": 1,
                      "y": 2,
                    },
                    "value": 1,
                  },
                  Object {
                    "boardPosition": Object {
                      "x": 2,
                      "y": 1,
                    },
                    "position": Object {
                      "x": 2,
                      "y": 0,
                    },
                    "value": 2,
                  },
                  Object {
                    "boardPosition": Object {
                      "x": 2,
                      "y": 1,
                    },
                    "position": Object {
                      "x": 2,
                      "y": 1,
                    },
                    "value": 2,
                  },
                  Object {
                    "boardPosition": Object {
                      "x": 2,
                      "y": 1,
                    },
                    "position": Object {
                      "x": 2,
                      "y": 2,
                    },
                    "value": 2,
                  },
                ],
                "value": 1,
              },
              Object {
                "position": Object {
                  "x": 2,
                  "y": 2,
                },
                "tiles": Array [
                  Object {
                    "boardPosition": Object {
                      "x": 2,
                      "y": 2,
                    },
                    "position": Object {
                      "x": 0,
                      "y": 0,
                    },
                    "value": 1,
                  },
                  Object {
                    "boardPosition": Object {
                      "x": 2,
                      "y": 2,
                    },
                    "position": Object {
                      "x": 0,
                      "y": 1,
                    },
                    "value": 2,
                  },
                  Object {
                    "boardPosition": Object {
                      "x": 2,
                      "y": 2,
                    },
                    "position": Object {
                      "x": 0,
                      "y": 2,
                    },
                    "value": 2,
                  },
                  Object {
                    "boardPosition": Object {
                      "x": 2,
                      "y": 2,
                    },
                    "position": Object {
                      "x": 1,
                      "y": 0,
                    },
                    "value": 1,
                  },
                  Object {
                    "boardPosition": Object {
                      "x": 2,
                      "y": 2,
                    },
                    "position": Object {
                      "x": 1,
                      "y": 1,
                    },
                    "value": 0,
                  },
                  Object {
                    "boardPosition": Object {
                      "x": 2,
                      "y": 2,
                    },
                    "position": Object {
                      "x": 1,
                      "y": 2,
                    },
                    "value": 2,
                  },
                  Object {
                    "boardPosition": Object {
                      "x": 2,
                      "y": 2,
                    },
                    "position": Object {
                      "x": 2,
                      "y": 0,
                    },
                    "value": 1,
                  },
                  Object {
                    "boardPosition": Object {
                      "x": 2,
                      "y": 2,
                    },
                    "position": Object {
                      "x": 2,
                      "y": 1,
                    },
                    "value": 2,
                  },
                  Object {
                    "boardPosition": Object {
                      "x": 2,
                      "y": 2,
                    },
                    "position": Object {
                      "x": 2,
                      "y": 2,
                    },
                    "value": 0,
                  },
                ],
                "value": 1,
              },
            ],
            "currentMove": 1,
            "game": Object {
              "currentPlayer": 1,
              "isFinished": true,
              "winningPlayer": 0,
            },
            "id": "1",
            "moves": Array [
              Object {
                "boardPosition": Object {
                  "x": 0,
                  "y": 0,
                },
                "moveNumber": 1,
                "player": 0,
                "tilePosition": Object {
                  "x": 0,
                  "y": 0,
                },
              },
            ],
          },
          "type": "analysisGameReducer/set-analysis-game",
        },
        "channel": null,
      },
    },
  ],
  "select": Array [
    Object {
      "@@redux-saga/IO": true,
      "SELECT": Object {
        "args": Array [
          "1",
        ],
        "selector": "@@redux-saga-test-plan/json/function/<anonymous>",
      },
    },
  ],
  "take": Array [
    Object {
      "@@redux-saga/IO": true,
      "TAKE": Object {
        "pattern": "analysisGameReducer/load-finished-game-by-id",
      },
    },
    Object {
      "@@redux-saga/IO": true,
      "TAKE": Object {
        "pattern": "analysisGameReducer/load-latest-finished-game",
      },
    },
    Object {
      "@@redux-saga/IO": true,
      "TAKE": Object {
        "pattern": "analysisGameReducer/load-finished-game-by-id",
      },
    },
  ],
}
`;
