// Jest Snapshot v1, https://goo.gl/fbAQLP

exports[`saveFinishedGameDataSaga should match snapshot when erroring 1`] = `
Object {
  "fork": Array [
    Object {
      "@@redux-saga/IO": true,
      "FORK": Object {
        "args": Array [
          "save-game-data/save-game-data",
          "@@redux-saga-test-plan/json/function/saveFinishedGameData",
        ],
        "context": null,
        "fn": "@@redux-saga-test-plan/json/function/takeEvery",
      },
    },
    Object {
      "@@redux-saga/IO": true,
      "FORK": Object {
        "args": Array [
          Object {
            "type": "save-game-data/save-game-data",
          },
        ],
        "context": null,
        "fn": "@@redux-saga-test-plan/json/function/<anonymous>",
      },
    },
  ],
  "select": Array [
    Object {
      "@@redux-saga/IO": true,
      "SELECT": Object {
        "args": Array [],
        "selector": "@@redux-saga-test-plan/json/function/<anonymous>",
      },
    },
  ],
  "take": Array [
    Object {
      "@@redux-saga/IO": true,
      "TAKE": Object {
        "pattern": "save-game-data/save-game-data",
      },
    },
    Object {
      "@@redux-saga/IO": true,
      "TAKE": Object {
        "pattern": "save-game-data/save-game-data",
      },
    },
  ],
}
`;

exports[`saveFinishedGameDataSaga should match snapshot when receiving okay 1`] = `
Object {
  "fork": Array [
    Object {
      "@@redux-saga/IO": true,
      "FORK": Object {
        "args": Array [
          "save-game-data/save-game-data",
          "@@redux-saga-test-plan/json/function/saveFinishedGameData",
        ],
        "context": null,
        "fn": "@@redux-saga-test-plan/json/function/takeEvery",
      },
    },
    Object {
      "@@redux-saga/IO": true,
      "FORK": Object {
        "args": Array [
          Object {
            "type": "save-game-data/save-game-data",
          },
        ],
        "context": null,
        "fn": "@@redux-saga-test-plan/json/function/<anonymous>",
      },
    },
  ],
  "select": Array [
    Object {
      "@@redux-saga/IO": true,
      "SELECT": Object {
        "args": Array [],
        "selector": "@@redux-saga-test-plan/json/function/<anonymous>",
      },
    },
  ],
  "take": Array [
    Object {
      "@@redux-saga/IO": true,
      "TAKE": Object {
        "pattern": "save-game-data/save-game-data",
      },
    },
    Object {
      "@@redux-saga/IO": true,
      "TAKE": Object {
        "pattern": "save-game-data/save-game-data",
      },
    },
  ],
}
`;
