// Jest Snapshot v1, https://goo.gl/fbAQLP

exports[`saveFinishedGameDataSaga should match snapshot when erroring 1`] = `
Object {
  "fork": Array [
    Object {
      "@@redux-saga/IO": true,
      "combinator": false,
      "payload": Object {
        "args": Array [
          "save-game-data/save-game-data",
          "@@redux-saga-test-plan/json/function/saveFinishedGameData",
        ],
        "context": null,
        "fn": "@@redux-saga-test-plan/json/function/takeEvery",
      },
      "type": "FORK",
    },
    Object {
      "@@redux-saga/IO": true,
      "combinator": false,
      "payload": Object {
        "args": Array [
          "save-game-data/generate-finished-games",
          "@@redux-saga-test-plan/json/function/generateFinishedGames",
        ],
        "context": null,
        "fn": "@@redux-saga-test-plan/json/function/takeEvery",
      },
      "type": "FORK",
    },
    Object {
      "@@redux-saga/IO": true,
      "combinator": false,
      "payload": Object {
        "args": Array [
          Object {
            "payload": Object {
              "gameState": Array [
                Object {
                  "position": Object {
                    "x": 0,
                    "y": 0,
                  },
                  "tiles": Array [
                    Object {
                      "boardPosition": Object {
                        "x": 0,
                        "y": 0,
                      },
                      "position": Object {
                        "x": 0,
                        "y": 0,
                      },
                      "value": 2,
                    },
                    Object {
                      "boardPosition": Object {
                        "x": 0,
                        "y": 0,
                      },
                      "position": Object {
                        "x": 0,
                        "y": 1,
                      },
                      "value": 1,
                    },
                    Object {
                      "boardPosition": Object {
                        "x": 0,
                        "y": 0,
                      },
                      "position": Object {
                        "x": 0,
                        "y": 2,
                      },
                      "value": 2,
                    },
                    Object {
                      "boardPosition": Object {
                        "x": 0,
                        "y": 0,
                      },
                      "position": Object {
                        "x": 1,
                        "y": 0,
                      },
                      "value": 1,
                    },
                    Object {
                      "boardPosition": Object {
                        "x": 0,
                        "y": 0,
                      },
                      "position": Object {
                        "x": 1,
                        "y": 1,
                      },
                      "value": 1,
                    },
                    Object {
                      "boardPosition": Object {
                        "x": 0,
                        "y": 0,
                      },
                      "position": Object {
                        "x": 1,
                        "y": 2,
                      },
                      "value": 2,
                    },
                    Object {
                      "boardPosition": Object {
                        "x": 0,
                        "y": 0,
                      },
                      "position": Object {
                        "x": 2,
                        "y": 0,
                      },
                      "value": 2,
                    },
                    Object {
                      "boardPosition": Object {
                        "x": 0,
                        "y": 0,
                      },
                      "position": Object {
                        "x": 2,
                        "y": 1,
                      },
                      "value": 1,
                    },
                    Object {
                      "boardPosition": Object {
                        "x": 0,
                        "y": 0,
                      },
                      "position": Object {
                        "x": 2,
                        "y": 2,
                      },
                      "value": 1,
                    },
                  ],
                  "value": 1,
                },
                Object {
                  "position": Object {
                    "x": 0,
                    "y": 1,
                  },
                  "tiles": Array [
                    Object {
                      "boardPosition": Object {
                        "x": 0,
                        "y": 1,
                      },
                      "position": Object {
                        "x": 0,
                        "y": 0,
                      },
                      "value": 2,
                    },
                    Object {
                      "boardPosition": Object {
                        "x": 0,
                        "y": 1,
                      },
                      "position": Object {
                        "x": 0,
                        "y": 1,
                      },
                      "value": 2,
                    },
                    Object {
                      "boardPosition": Object {
                        "x": 0,
                        "y": 1,
                      },
                      "position": Object {
                        "x": 0,
                        "y": 2,
                      },
                      "value": 2,
                    },
                    Object {
                      "boardPosition": Object {
                        "x": 0,
                        "y": 1,
                      },
                      "position": Object {
                        "x": 1,
                        "y": 0,
                      },
                      "value": 1,
                    },
                    Object {
                      "boardPosition": Object {
                        "x": 0,
                        "y": 1,
                      },
                      "position": Object {
                        "x": 1,
                        "y": 1,
                      },
                      "value": 1,
                    },
                    Object {
                      "boardPosition": Object {
                        "x": 0,
                        "y": 1,
                      },
                      "position": Object {
                        "x": 1,
                        "y": 2,
                      },
                      "value": 1,
                    },
                    Object {
                      "boardPosition": Object {
                        "x": 0,
                        "y": 1,
                      },
                      "position": Object {
                        "x": 2,
                        "y": 0,
                      },
                      "value": 2,
                    },
                    Object {
                      "boardPosition": Object {
                        "x": 0,
                        "y": 1,
                      },
                      "position": Object {
                        "x": 2,
                        "y": 1,
                      },
                      "value": 2,
                    },
                    Object {
                      "boardPosition": Object {
                        "x": 0,
                        "y": 1,
                      },
                      "position": Object {
                        "x": 2,
                        "y": 2,
                      },
                      "value": 2,
                    },
                  ],
                  "value": 1,
                },
                Object {
                  "position": Object {
                    "x": 0,
                    "y": 2,
                  },
                  "tiles": Array [
                    Object {
                      "boardPosition": Object {
                        "x": 0,
                        "y": 2,
                      },
                      "position": Object {
                        "x": 0,
                        "y": 0,
                      },
                      "value": 2,
                    },
                    Object {
                      "boardPosition": Object {
                        "x": 0,
                        "y": 2,
                      },
                      "position": Object {
                        "x": 0,
                        "y": 1,
                      },
                      "value": 2,
                    },
                    Object {
                      "boardPosition": Object {
                        "x": 0,
                        "y": 2,
                      },
                      "position": Object {
                        "x": 0,
                        "y": 2,
                      },
                      "value": 1,
                    },
                    Object {
                      "boardPosition": Object {
                        "x": 0,
                        "y": 2,
                      },
                      "position": Object {
                        "x": 1,
                        "y": 0,
                      },
                      "value": 2,
                    },
                    Object {
                      "boardPosition": Object {
                        "x": 0,
                        "y": 2,
                      },
                      "position": Object {
                        "x": 1,
                        "y": 1,
                      },
                      "value": 2,
                    },
                    Object {
                      "boardPosition": Object {
                        "x": 0,
                        "y": 2,
                      },
                      "position": Object {
                        "x": 1,
                        "y": 2,
                      },
                      "value": 1,
                    },
                    Object {
                      "boardPosition": Object {
                        "x": 0,
                        "y": 2,
                      },
                      "position": Object {
                        "x": 2,
                        "y": 0,
                      },
                      "value": 2,
                    },
                    Object {
                      "boardPosition": Object {
                        "x": 0,
                        "y": 2,
                      },
                      "position": Object {
                        "x": 2,
                        "y": 1,
                      },
                      "value": 2,
                    },
                    Object {
                      "boardPosition": Object {
                        "x": 0,
                        "y": 2,
                      },
                      "position": Object {
                        "x": 2,
                        "y": 2,
                      },
                      "value": 1,
                    },
                  ],
                  "value": 1,
                },
                Object {
                  "position": Object {
                    "x": 1,
                    "y": 0,
                  },
                  "tiles": Array [
                    Object {
                      "boardPosition": Object {
                        "x": 1,
                        "y": 0,
                      },
                      "position": Object {
                        "x": 0,
                        "y": 0,
                      },
                      "value": 0,
                    },
                    Object {
                      "boardPosition": Object {
                        "x": 1,
                        "y": 0,
                      },
                      "position": Object {
                        "x": 0,
                        "y": 1,
                      },
                      "value": 0,
                    },
                    Object {
                      "boardPosition": Object {
                        "x": 1,
                        "y": 0,
                      },
                      "position": Object {
                        "x": 0,
                        "y": 2,
                      },
                      "value": 0,
                    },
                    Object {
                      "boardPosition": Object {
                        "x": 1,
                        "y": 0,
                      },
                      "position": Object {
                        "x": 1,
                        "y": 0,
                      },
                      "value": 2,
                    },
                    Object {
                      "boardPosition": Object {
                        "x": 1,
                        "y": 0,
                      },
                      "position": Object {
                        "x": 1,
                        "y": 1,
                      },
                      "value": 2,
                    },
                    Object {
                      "boardPosition": Object {
                        "x": 1,
                        "y": 0,
                      },
                      "position": Object {
                        "x": 1,
                        "y": 2,
                      },
                      "value": 2,
                    },
                    Object {
                      "boardPosition": Object {
                        "x": 1,
                        "y": 0,
                      },
                      "position": Object {
                        "x": 2,
                        "y": 0,
                      },
                      "value": 2,
                    },
                    Object {
                      "boardPosition": Object {
                        "x": 1,
                        "y": 0,
                      },
                      "position": Object {
                        "x": 2,
                        "y": 1,
                      },
                      "value": 2,
                    },
                    Object {
                      "boardPosition": Object {
                        "x": 1,
                        "y": 0,
                      },
                      "position": Object {
                        "x": 2,
                        "y": 2,
                      },
                      "value": 2,
                    },
                  ],
                  "value": 0,
                },
                Object {
                  "position": Object {
                    "x": 1,
                    "y": 1,
                  },
                  "tiles": Array [
                    Object {
                      "boardPosition": Object {
                        "x": 1,
                        "y": 1,
                      },
                      "position": Object {
                        "x": 0,
                        "y": 0,
                      },
                      "value": 2,
                    },
                    Object {
                      "boardPosition": Object {
                        "x": 1,
                        "y": 1,
                      },
                      "position": Object {
                        "x": 0,
                        "y": 1,
                      },
                      "value": 0,
                    },
                    Object {
                      "boardPosition": Object {
                        "x": 1,
                        "y": 1,
                      },
                      "position": Object {
                        "x": 0,
                        "y": 2,
                      },
                      "value": 1,
                    },
                    Object {
                      "boardPosition": Object {
                        "x": 1,
                        "y": 1,
                      },
                      "position": Object {
                        "x": 1,
                        "y": 0,
                      },
                      "value": 2,
                    },
                    Object {
                      "boardPosition": Object {
                        "x": 1,
                        "y": 1,
                      },
                      "position": Object {
                        "x": 1,
                        "y": 1,
                      },
                      "value": 2,
                    },
                    Object {
                      "boardPosition": Object {
                        "x": 1,
                        "y": 1,
                      },
                      "position": Object {
                        "x": 1,
                        "y": 2,
                      },
                      "value": 1,
                    },
                    Object {
                      "boardPosition": Object {
                        "x": 1,
                        "y": 1,
                      },
                      "position": Object {
                        "x": 2,
                        "y": 0,
                      },
                      "value": 0,
                    },
                    Object {
                      "boardPosition": Object {
                        "x": 1,
                        "y": 1,
                      },
                      "position": Object {
                        "x": 2,
                        "y": 1,
                      },
                      "value": 2,
                    },
                    Object {
                      "boardPosition": Object {
                        "x": 1,
                        "y": 1,
                      },
                      "position": Object {
                        "x": 2,
                        "y": 2,
                      },
                      "value": 1,
                    },
                  ],
                  "value": 1,
                },
                Object {
                  "position": Object {
                    "x": 1,
                    "y": 2,
                  },
                  "tiles": Array [
                    Object {
                      "boardPosition": Object {
                        "x": 1,
                        "y": 2,
                      },
                      "position": Object {
                        "x": 0,
                        "y": 0,
                      },
                      "value": 0,
                    },
                    Object {
                      "boardPosition": Object {
                        "x": 1,
                        "y": 2,
                      },
                      "position": Object {
                        "x": 0,
                        "y": 1,
                      },
                      "value": 2,
                    },
                    Object {
                      "boardPosition": Object {
                        "x": 1,
                        "y": 2,
                      },
                      "position": Object {
                        "x": 0,
                        "y": 2,
                      },
                      "value": 0,
                    },
                    Object {
                      "boardPosition": Object {
                        "x": 1,
                        "y": 2,
                      },
                      "position": Object {
                        "x": 1,
                        "y": 0,
                      },
                      "value": 2,
                    },
                    Object {
                      "boardPosition": Object {
                        "x": 1,
                        "y": 2,
                      },
                      "position": Object {
                        "x": 1,
                        "y": 1,
                      },
                      "value": 0,
                    },
                    Object {
                      "boardPosition": Object {
                        "x": 1,
                        "y": 2,
                      },
                      "position": Object {
                        "x": 1,
                        "y": 2,
                      },
                      "value": 2,
                    },
                    Object {
                      "boardPosition": Object {
                        "x": 1,
                        "y": 2,
                      },
                      "position": Object {
                        "x": 2,
                        "y": 0,
                      },
                      "value": 2,
                    },
                    Object {
                      "boardPosition": Object {
                        "x": 1,
                        "y": 2,
                      },
                      "position": Object {
                        "x": 2,
                        "y": 1,
                      },
                      "value": 2,
                    },
                    Object {
                      "boardPosition": Object {
                        "x": 1,
                        "y": 2,
                      },
                      "position": Object {
                        "x": 2,
                        "y": 2,
                      },
                      "value": 2,
                    },
                  ],
                  "value": 2,
                },
                Object {
                  "position": Object {
                    "x": 2,
                    "y": 0,
                  },
                  "tiles": Array [
                    Object {
                      "boardPosition": Object {
                        "x": 2,
                        "y": 0,
                      },
                      "position": Object {
                        "x": 0,
                        "y": 0,
                      },
                      "value": 0,
                    },
                    Object {
                      "boardPosition": Object {
                        "x": 2,
                        "y": 0,
                      },
                      "position": Object {
                        "x": 0,
                        "y": 1,
                      },
                      "value": 2,
                    },
                    Object {
                      "boardPosition": Object {
                        "x": 2,
                        "y": 0,
                      },
                      "position": Object {
                        "x": 0,
                        "y": 2,
                      },
                      "value": 2,
                    },
                    Object {
                      "boardPosition": Object {
                        "x": 2,
                        "y": 0,
                      },
                      "position": Object {
                        "x": 1,
                        "y": 0,
                      },
                      "value": 2,
                    },
                    Object {
                      "boardPosition": Object {
                        "x": 2,
                        "y": 0,
                      },
                      "position": Object {
                        "x": 1,
                        "y": 1,
                      },
                      "value": 2,
                    },
                    Object {
                      "boardPosition": Object {
                        "x": 2,
                        "y": 0,
                      },
                      "position": Object {
                        "x": 1,
                        "y": 2,
                      },
                      "value": 2,
                    },
                    Object {
                      "boardPosition": Object {
                        "x": 2,
                        "y": 0,
                      },
                      "position": Object {
                        "x": 2,
                        "y": 0,
                      },
                      "value": 2,
                    },
                    Object {
                      "boardPosition": Object {
                        "x": 2,
                        "y": 0,
                      },
                      "position": Object {
                        "x": 2,
                        "y": 1,
                      },
                      "value": 1,
                    },
                    Object {
                      "boardPosition": Object {
                        "x": 2,
                        "y": 0,
                      },
                      "position": Object {
                        "x": 2,
                        "y": 2,
                      },
                      "value": 2,
                    },
                  ],
                  "value": 2,
                },
                Object {
                  "position": Object {
                    "x": 2,
                    "y": 1,
                  },
                  "tiles": Array [
                    Object {
                      "boardPosition": Object {
                        "x": 2,
                        "y": 1,
                      },
                      "position": Object {
                        "x": 0,
                        "y": 0,
                      },
                      "value": 0,
                    },
                    Object {
                      "boardPosition": Object {
                        "x": 2,
                        "y": 1,
                      },
                      "position": Object {
                        "x": 0,
                        "y": 1,
                      },
                      "value": 0,
                    },
                    Object {
                      "boardPosition": Object {
                        "x": 2,
                        "y": 1,
                      },
                      "position": Object {
                        "x": 0,
                        "y": 2,
                      },
                      "value": 0,
                    },
                    Object {
                      "boardPosition": Object {
                        "x": 2,
                        "y": 1,
                      },
                      "position": Object {
                        "x": 1,
                        "y": 0,
                      },
                      "value": 2,
                    },
                    Object {
                      "boardPosition": Object {
                        "x": 2,
                        "y": 1,
                      },
                      "position": Object {
                        "x": 1,
                        "y": 1,
                      },
                      "value": 2,
                    },
                    Object {
                      "boardPosition": Object {
                        "x": 2,
                        "y": 1,
                      },
                      "position": Object {
                        "x": 1,
                        "y": 2,
                      },
                      "value": 2,
                    },
                    Object {
                      "boardPosition": Object {
                        "x": 2,
                        "y": 1,
                      },
                      "position": Object {
                        "x": 2,
                        "y": 0,
                      },
                      "value": 2,
                    },
                    Object {
                      "boardPosition": Object {
                        "x": 2,
                        "y": 1,
                      },
                      "position": Object {
                        "x": 2,
                        "y": 1,
                      },
                      "value": 2,
                    },
                    Object {
                      "boardPosition": Object {
                        "x": 2,
                        "y": 1,
                      },
                      "position": Object {
                        "x": 2,
                        "y": 2,
                      },
                      "value": 2,
                    },
                  ],
                  "value": 0,
                },
                Object {
                  "position": Object {
                    "x": 2,
                    "y": 2,
                  },
                  "tiles": Array [
                    Object {
                      "boardPosition": Object {
                        "x": 2,
                        "y": 2,
                      },
                      "position": Object {
                        "x": 0,
                        "y": 0,
                      },
                      "value": 2,
                    },
                    Object {
                      "boardPosition": Object {
                        "x": 2,
                        "y": 2,
                      },
                      "position": Object {
                        "x": 0,
                        "y": 1,
                      },
                      "value": 0,
                    },
                    Object {
                      "boardPosition": Object {
                        "x": 2,
                        "y": 2,
                      },
                      "position": Object {
                        "x": 0,
                        "y": 2,
                      },
                      "value": 0,
                    },
                    Object {
                      "boardPosition": Object {
                        "x": 2,
                        "y": 2,
                      },
                      "position": Object {
                        "x": 1,
                        "y": 0,
                      },
                      "value": 2,
                    },
                    Object {
                      "boardPosition": Object {
                        "x": 2,
                        "y": 2,
                      },
                      "position": Object {
                        "x": 1,
                        "y": 1,
                      },
                      "value": 0,
                    },
                    Object {
                      "boardPosition": Object {
                        "x": 2,
                        "y": 2,
                      },
                      "position": Object {
                        "x": 1,
                        "y": 2,
                      },
                      "value": 2,
                    },
                    Object {
                      "boardPosition": Object {
                        "x": 2,
                        "y": 2,
                      },
                      "position": Object {
                        "x": 2,
                        "y": 0,
                      },
                      "value": 2,
                    },
                    Object {
                      "boardPosition": Object {
                        "x": 2,
                        "y": 2,
                      },
                      "position": Object {
                        "x": 2,
                        "y": 1,
                      },
                      "value": 2,
                    },
                    Object {
                      "boardPosition": Object {
                        "x": 2,
                        "y": 2,
                      },
                      "position": Object {
                        "x": 2,
                        "y": 2,
                      },
                      "value": 2,
                    },
                  ],
                  "value": 2,
                },
              ],
              "moves": Array [
                Object {
                  "boardPosition": Object {
                    "x": 0,
                    "y": 0,
                  },
                  "moveNumber": 1,
                  "player": 0,
                  "tilePosition": Object {
                    "x": 0,
                    "y": 0,
                  },
                },
              ],
              "winner": "X",
            },
            "saveOnline": true,
            "type": "save-game-data/save-game-data",
          },
        ],
        "context": null,
        "fn": "@@redux-saga-test-plan/json/function/saveFinishedGameData",
      },
      "type": "FORK",
    },
  ],
  "take": Array [
    Object {
      "@@redux-saga/IO": true,
      "combinator": false,
      "payload": Object {
        "pattern": "save-game-data/save-game-data",
      },
      "type": "TAKE",
    },
    Object {
      "@@redux-saga/IO": true,
      "combinator": false,
      "payload": Object {
        "pattern": "save-game-data/generate-finished-games",
      },
      "type": "TAKE",
    },
    Object {
      "@@redux-saga/IO": true,
      "combinator": false,
      "payload": Object {
        "pattern": "save-game-data/save-game-data",
      },
      "type": "TAKE",
    },
  ],
}
`;

exports[`saveFinishedGameDataSaga should match snapshot when receiving okay 1`] = `
Object {
  "fork": Array [
    Object {
      "@@redux-saga/IO": true,
      "combinator": false,
      "payload": Object {
        "args": Array [
          "save-game-data/save-game-data",
          "@@redux-saga-test-plan/json/function/saveFinishedGameData",
        ],
        "context": null,
        "fn": "@@redux-saga-test-plan/json/function/takeEvery",
      },
      "type": "FORK",
    },
    Object {
      "@@redux-saga/IO": true,
      "combinator": false,
      "payload": Object {
        "args": Array [
          "save-game-data/generate-finished-games",
          "@@redux-saga-test-plan/json/function/generateFinishedGames",
        ],
        "context": null,
        "fn": "@@redux-saga-test-plan/json/function/takeEvery",
      },
      "type": "FORK",
    },
    Object {
      "@@redux-saga/IO": true,
      "combinator": false,
      "payload": Object {
        "args": Array [
          Object {
            "payload": Object {
              "gameState": Array [
                Object {
                  "position": Object {
                    "x": 0,
                    "y": 0,
                  },
                  "tiles": Array [
                    Object {
                      "boardPosition": Object {
                        "x": 0,
                        "y": 0,
                      },
                      "position": Object {
                        "x": 0,
                        "y": 0,
                      },
                      "value": 2,
                    },
                    Object {
                      "boardPosition": Object {
                        "x": 0,
                        "y": 0,
                      },
                      "position": Object {
                        "x": 0,
                        "y": 1,
                      },
                      "value": 1,
                    },
                    Object {
                      "boardPosition": Object {
                        "x": 0,
                        "y": 0,
                      },
                      "position": Object {
                        "x": 0,
                        "y": 2,
                      },
                      "value": 2,
                    },
                    Object {
                      "boardPosition": Object {
                        "x": 0,
                        "y": 0,
                      },
                      "position": Object {
                        "x": 1,
                        "y": 0,
                      },
                      "value": 1,
                    },
                    Object {
                      "boardPosition": Object {
                        "x": 0,
                        "y": 0,
                      },
                      "position": Object {
                        "x": 1,
                        "y": 1,
                      },
                      "value": 1,
                    },
                    Object {
                      "boardPosition": Object {
                        "x": 0,
                        "y": 0,
                      },
                      "position": Object {
                        "x": 1,
                        "y": 2,
                      },
                      "value": 2,
                    },
                    Object {
                      "boardPosition": Object {
                        "x": 0,
                        "y": 0,
                      },
                      "position": Object {
                        "x": 2,
                        "y": 0,
                      },
                      "value": 2,
                    },
                    Object {
                      "boardPosition": Object {
                        "x": 0,
                        "y": 0,
                      },
                      "position": Object {
                        "x": 2,
                        "y": 1,
                      },
                      "value": 1,
                    },
                    Object {
                      "boardPosition": Object {
                        "x": 0,
                        "y": 0,
                      },
                      "position": Object {
                        "x": 2,
                        "y": 2,
                      },
                      "value": 1,
                    },
                  ],
                  "value": 1,
                },
                Object {
                  "position": Object {
                    "x": 0,
                    "y": 1,
                  },
                  "tiles": Array [
                    Object {
                      "boardPosition": Object {
                        "x": 0,
                        "y": 1,
                      },
                      "position": Object {
                        "x": 0,
                        "y": 0,
                      },
                      "value": 2,
                    },
                    Object {
                      "boardPosition": Object {
                        "x": 0,
                        "y": 1,
                      },
                      "position": Object {
                        "x": 0,
                        "y": 1,
                      },
                      "value": 2,
                    },
                    Object {
                      "boardPosition": Object {
                        "x": 0,
                        "y": 1,
                      },
                      "position": Object {
                        "x": 0,
                        "y": 2,
                      },
                      "value": 2,
                    },
                    Object {
                      "boardPosition": Object {
                        "x": 0,
                        "y": 1,
                      },
                      "position": Object {
                        "x": 1,
                        "y": 0,
                      },
                      "value": 1,
                    },
                    Object {
                      "boardPosition": Object {
                        "x": 0,
                        "y": 1,
                      },
                      "position": Object {
                        "x": 1,
                        "y": 1,
                      },
                      "value": 1,
                    },
                    Object {
                      "boardPosition": Object {
                        "x": 0,
                        "y": 1,
                      },
                      "position": Object {
                        "x": 1,
                        "y": 2,
                      },
                      "value": 1,
                    },
                    Object {
                      "boardPosition": Object {
                        "x": 0,
                        "y": 1,
                      },
                      "position": Object {
                        "x": 2,
                        "y": 0,
                      },
                      "value": 2,
                    },
                    Object {
                      "boardPosition": Object {
                        "x": 0,
                        "y": 1,
                      },
                      "position": Object {
                        "x": 2,
                        "y": 1,
                      },
                      "value": 2,
                    },
                    Object {
                      "boardPosition": Object {
                        "x": 0,
                        "y": 1,
                      },
                      "position": Object {
                        "x": 2,
                        "y": 2,
                      },
                      "value": 2,
                    },
                  ],
                  "value": 1,
                },
                Object {
                  "position": Object {
                    "x": 0,
                    "y": 2,
                  },
                  "tiles": Array [
                    Object {
                      "boardPosition": Object {
                        "x": 0,
                        "y": 2,
                      },
                      "position": Object {
                        "x": 0,
                        "y": 0,
                      },
                      "value": 2,
                    },
                    Object {
                      "boardPosition": Object {
                        "x": 0,
                        "y": 2,
                      },
                      "position": Object {
                        "x": 0,
                        "y": 1,
                      },
                      "value": 2,
                    },
                    Object {
                      "boardPosition": Object {
                        "x": 0,
                        "y": 2,
                      },
                      "position": Object {
                        "x": 0,
                        "y": 2,
                      },
                      "value": 1,
                    },
                    Object {
                      "boardPosition": Object {
                        "x": 0,
                        "y": 2,
                      },
                      "position": Object {
                        "x": 1,
                        "y": 0,
                      },
                      "value": 2,
                    },
                    Object {
                      "boardPosition": Object {
                        "x": 0,
                        "y": 2,
                      },
                      "position": Object {
                        "x": 1,
                        "y": 1,
                      },
                      "value": 2,
                    },
                    Object {
                      "boardPosition": Object {
                        "x": 0,
                        "y": 2,
                      },
                      "position": Object {
                        "x": 1,
                        "y": 2,
                      },
                      "value": 1,
                    },
                    Object {
                      "boardPosition": Object {
                        "x": 0,
                        "y": 2,
                      },
                      "position": Object {
                        "x": 2,
                        "y": 0,
                      },
                      "value": 2,
                    },
                    Object {
                      "boardPosition": Object {
                        "x": 0,
                        "y": 2,
                      },
                      "position": Object {
                        "x": 2,
                        "y": 1,
                      },
                      "value": 2,
                    },
                    Object {
                      "boardPosition": Object {
                        "x": 0,
                        "y": 2,
                      },
                      "position": Object {
                        "x": 2,
                        "y": 2,
                      },
                      "value": 1,
                    },
                  ],
                  "value": 1,
                },
                Object {
                  "position": Object {
                    "x": 1,
                    "y": 0,
                  },
                  "tiles": Array [
                    Object {
                      "boardPosition": Object {
                        "x": 1,
                        "y": 0,
                      },
                      "position": Object {
                        "x": 0,
                        "y": 0,
                      },
                      "value": 0,
                    },
                    Object {
                      "boardPosition": Object {
                        "x": 1,
                        "y": 0,
                      },
                      "position": Object {
                        "x": 0,
                        "y": 1,
                      },
                      "value": 0,
                    },
                    Object {
                      "boardPosition": Object {
                        "x": 1,
                        "y": 0,
                      },
                      "position": Object {
                        "x": 0,
                        "y": 2,
                      },
                      "value": 0,
                    },
                    Object {
                      "boardPosition": Object {
                        "x": 1,
                        "y": 0,
                      },
                      "position": Object {
                        "x": 1,
                        "y": 0,
                      },
                      "value": 2,
                    },
                    Object {
                      "boardPosition": Object {
                        "x": 1,
                        "y": 0,
                      },
                      "position": Object {
                        "x": 1,
                        "y": 1,
                      },
                      "value": 2,
                    },
                    Object {
                      "boardPosition": Object {
                        "x": 1,
                        "y": 0,
                      },
                      "position": Object {
                        "x": 1,
                        "y": 2,
                      },
                      "value": 2,
                    },
                    Object {
                      "boardPosition": Object {
                        "x": 1,
                        "y": 0,
                      },
                      "position": Object {
                        "x": 2,
                        "y": 0,
                      },
                      "value": 2,
                    },
                    Object {
                      "boardPosition": Object {
                        "x": 1,
                        "y": 0,
                      },
                      "position": Object {
                        "x": 2,
                        "y": 1,
                      },
                      "value": 2,
                    },
                    Object {
                      "boardPosition": Object {
                        "x": 1,
                        "y": 0,
                      },
                      "position": Object {
                        "x": 2,
                        "y": 2,
                      },
                      "value": 2,
                    },
                  ],
                  "value": 0,
                },
                Object {
                  "position": Object {
                    "x": 1,
                    "y": 1,
                  },
                  "tiles": Array [
                    Object {
                      "boardPosition": Object {
                        "x": 1,
                        "y": 1,
                      },
                      "position": Object {
                        "x": 0,
                        "y": 0,
                      },
                      "value": 2,
                    },
                    Object {
                      "boardPosition": Object {
                        "x": 1,
                        "y": 1,
                      },
                      "position": Object {
                        "x": 0,
                        "y": 1,
                      },
                      "value": 0,
                    },
                    Object {
                      "boardPosition": Object {
                        "x": 1,
                        "y": 1,
                      },
                      "position": Object {
                        "x": 0,
                        "y": 2,
                      },
                      "value": 1,
                    },
                    Object {
                      "boardPosition": Object {
                        "x": 1,
                        "y": 1,
                      },
                      "position": Object {
                        "x": 1,
                        "y": 0,
                      },
                      "value": 2,
                    },
                    Object {
                      "boardPosition": Object {
                        "x": 1,
                        "y": 1,
                      },
                      "position": Object {
                        "x": 1,
                        "y": 1,
                      },
                      "value": 2,
                    },
                    Object {
                      "boardPosition": Object {
                        "x": 1,
                        "y": 1,
                      },
                      "position": Object {
                        "x": 1,
                        "y": 2,
                      },
                      "value": 1,
                    },
                    Object {
                      "boardPosition": Object {
                        "x": 1,
                        "y": 1,
                      },
                      "position": Object {
                        "x": 2,
                        "y": 0,
                      },
                      "value": 0,
                    },
                    Object {
                      "boardPosition": Object {
                        "x": 1,
                        "y": 1,
                      },
                      "position": Object {
                        "x": 2,
                        "y": 1,
                      },
                      "value": 2,
                    },
                    Object {
                      "boardPosition": Object {
                        "x": 1,
                        "y": 1,
                      },
                      "position": Object {
                        "x": 2,
                        "y": 2,
                      },
                      "value": 1,
                    },
                  ],
                  "value": 1,
                },
                Object {
                  "position": Object {
                    "x": 1,
                    "y": 2,
                  },
                  "tiles": Array [
                    Object {
                      "boardPosition": Object {
                        "x": 1,
                        "y": 2,
                      },
                      "position": Object {
                        "x": 0,
                        "y": 0,
                      },
                      "value": 0,
                    },
                    Object {
                      "boardPosition": Object {
                        "x": 1,
                        "y": 2,
                      },
                      "position": Object {
                        "x": 0,
                        "y": 1,
                      },
                      "value": 2,
                    },
                    Object {
                      "boardPosition": Object {
                        "x": 1,
                        "y": 2,
                      },
                      "position": Object {
                        "x": 0,
                        "y": 2,
                      },
                      "value": 0,
                    },
                    Object {
                      "boardPosition": Object {
                        "x": 1,
                        "y": 2,
                      },
                      "position": Object {
                        "x": 1,
                        "y": 0,
                      },
                      "value": 2,
                    },
                    Object {
                      "boardPosition": Object {
                        "x": 1,
                        "y": 2,
                      },
                      "position": Object {
                        "x": 1,
                        "y": 1,
                      },
                      "value": 0,
                    },
                    Object {
                      "boardPosition": Object {
                        "x": 1,
                        "y": 2,
                      },
                      "position": Object {
                        "x": 1,
                        "y": 2,
                      },
                      "value": 2,
                    },
                    Object {
                      "boardPosition": Object {
                        "x": 1,
                        "y": 2,
                      },
                      "position": Object {
                        "x": 2,
                        "y": 0,
                      },
                      "value": 2,
                    },
                    Object {
                      "boardPosition": Object {
                        "x": 1,
                        "y": 2,
                      },
                      "position": Object {
                        "x": 2,
                        "y": 1,
                      },
                      "value": 2,
                    },
                    Object {
                      "boardPosition": Object {
                        "x": 1,
                        "y": 2,
                      },
                      "position": Object {
                        "x": 2,
                        "y": 2,
                      },
                      "value": 2,
                    },
                  ],
                  "value": 2,
                },
                Object {
                  "position": Object {
                    "x": 2,
                    "y": 0,
                  },
                  "tiles": Array [
                    Object {
                      "boardPosition": Object {
                        "x": 2,
                        "y": 0,
                      },
                      "position": Object {
                        "x": 0,
                        "y": 0,
                      },
                      "value": 0,
                    },
                    Object {
                      "boardPosition": Object {
                        "x": 2,
                        "y": 0,
                      },
                      "position": Object {
                        "x": 0,
                        "y": 1,
                      },
                      "value": 2,
                    },
                    Object {
                      "boardPosition": Object {
                        "x": 2,
                        "y": 0,
                      },
                      "position": Object {
                        "x": 0,
                        "y": 2,
                      },
                      "value": 2,
                    },
                    Object {
                      "boardPosition": Object {
                        "x": 2,
                        "y": 0,
                      },
                      "position": Object {
                        "x": 1,
                        "y": 0,
                      },
                      "value": 2,
                    },
                    Object {
                      "boardPosition": Object {
                        "x": 2,
                        "y": 0,
                      },
                      "position": Object {
                        "x": 1,
                        "y": 1,
                      },
                      "value": 2,
                    },
                    Object {
                      "boardPosition": Object {
                        "x": 2,
                        "y": 0,
                      },
                      "position": Object {
                        "x": 1,
                        "y": 2,
                      },
                      "value": 2,
                    },
                    Object {
                      "boardPosition": Object {
                        "x": 2,
                        "y": 0,
                      },
                      "position": Object {
                        "x": 2,
                        "y": 0,
                      },
                      "value": 2,
                    },
                    Object {
                      "boardPosition": Object {
                        "x": 2,
                        "y": 0,
                      },
                      "position": Object {
                        "x": 2,
                        "y": 1,
                      },
                      "value": 1,
                    },
                    Object {
                      "boardPosition": Object {
                        "x": 2,
                        "y": 0,
                      },
                      "position": Object {
                        "x": 2,
                        "y": 2,
                      },
                      "value": 2,
                    },
                  ],
                  "value": 2,
                },
                Object {
                  "position": Object {
                    "x": 2,
                    "y": 1,
                  },
                  "tiles": Array [
                    Object {
                      "boardPosition": Object {
                        "x": 2,
                        "y": 1,
                      },
                      "position": Object {
                        "x": 0,
                        "y": 0,
                      },
                      "value": 0,
                    },
                    Object {
                      "boardPosition": Object {
                        "x": 2,
                        "y": 1,
                      },
                      "position": Object {
                        "x": 0,
                        "y": 1,
                      },
                      "value": 0,
                    },
                    Object {
                      "boardPosition": Object {
                        "x": 2,
                        "y": 1,
                      },
                      "position": Object {
                        "x": 0,
                        "y": 2,
                      },
                      "value": 0,
                    },
                    Object {
                      "boardPosition": Object {
                        "x": 2,
                        "y": 1,
                      },
                      "position": Object {
                        "x": 1,
                        "y": 0,
                      },
                      "value": 2,
                    },
                    Object {
                      "boardPosition": Object {
                        "x": 2,
                        "y": 1,
                      },
                      "position": Object {
                        "x": 1,
                        "y": 1,
                      },
                      "value": 2,
                    },
                    Object {
                      "boardPosition": Object {
                        "x": 2,
                        "y": 1,
                      },
                      "position": Object {
                        "x": 1,
                        "y": 2,
                      },
                      "value": 2,
                    },
                    Object {
                      "boardPosition": Object {
                        "x": 2,
                        "y": 1,
                      },
                      "position": Object {
                        "x": 2,
                        "y": 0,
                      },
                      "value": 2,
                    },
                    Object {
                      "boardPosition": Object {
                        "x": 2,
                        "y": 1,
                      },
                      "position": Object {
                        "x": 2,
                        "y": 1,
                      },
                      "value": 2,
                    },
                    Object {
                      "boardPosition": Object {
                        "x": 2,
                        "y": 1,
                      },
                      "position": Object {
                        "x": 2,
                        "y": 2,
                      },
                      "value": 2,
                    },
                  ],
                  "value": 0,
                },
                Object {
                  "position": Object {
                    "x": 2,
                    "y": 2,
                  },
                  "tiles": Array [
                    Object {
                      "boardPosition": Object {
                        "x": 2,
                        "y": 2,
                      },
                      "position": Object {
                        "x": 0,
                        "y": 0,
                      },
                      "value": 2,
                    },
                    Object {
                      "boardPosition": Object {
                        "x": 2,
                        "y": 2,
                      },
                      "position": Object {
                        "x": 0,
                        "y": 1,
                      },
                      "value": 0,
                    },
                    Object {
                      "boardPosition": Object {
                        "x": 2,
                        "y": 2,
                      },
                      "position": Object {
                        "x": 0,
                        "y": 2,
                      },
                      "value": 0,
                    },
                    Object {
                      "boardPosition": Object {
                        "x": 2,
                        "y": 2,
                      },
                      "position": Object {
                        "x": 1,
                        "y": 0,
                      },
                      "value": 2,
                    },
                    Object {
                      "boardPosition": Object {
                        "x": 2,
                        "y": 2,
                      },
                      "position": Object {
                        "x": 1,
                        "y": 1,
                      },
                      "value": 0,
                    },
                    Object {
                      "boardPosition": Object {
                        "x": 2,
                        "y": 2,
                      },
                      "position": Object {
                        "x": 1,
                        "y": 2,
                      },
                      "value": 2,
                    },
                    Object {
                      "boardPosition": Object {
                        "x": 2,
                        "y": 2,
                      },
                      "position": Object {
                        "x": 2,
                        "y": 0,
                      },
                      "value": 2,
                    },
                    Object {
                      "boardPosition": Object {
                        "x": 2,
                        "y": 2,
                      },
                      "position": Object {
                        "x": 2,
                        "y": 1,
                      },
                      "value": 2,
                    },
                    Object {
                      "boardPosition": Object {
                        "x": 2,
                        "y": 2,
                      },
                      "position": Object {
                        "x": 2,
                        "y": 2,
                      },
                      "value": 2,
                    },
                  ],
                  "value": 2,
                },
              ],
              "moves": Array [
                Object {
                  "boardPosition": Object {
                    "x": 0,
                    "y": 0,
                  },
                  "moveNumber": 1,
                  "player": 0,
                  "tilePosition": Object {
                    "x": 0,
                    "y": 0,
                  },
                },
              ],
              "winner": "X",
            },
            "saveOnline": true,
            "type": "save-game-data/save-game-data",
          },
        ],
        "context": null,
        "fn": "@@redux-saga-test-plan/json/function/saveFinishedGameData",
      },
      "type": "FORK",
    },
  ],
  "take": Array [
    Object {
      "@@redux-saga/IO": true,
      "combinator": false,
      "payload": Object {
        "pattern": "save-game-data/save-game-data",
      },
      "type": "TAKE",
    },
    Object {
      "@@redux-saga/IO": true,
      "combinator": false,
      "payload": Object {
        "pattern": "save-game-data/generate-finished-games",
      },
      "type": "TAKE",
    },
    Object {
      "@@redux-saga/IO": true,
      "combinator": false,
      "payload": Object {
        "pattern": "save-game-data/save-game-data",
      },
      "type": "TAKE",
    },
  ],
}
`;
