// Jest Snapshot v1, https://goo.gl/fbAQLP

exports[`HowToPlayDialog should match snapshot 1`] = `
<Function
  className="dialog"
  onClose={[Function]}
  open={true}
  preventOutsideDismiss={true}
>
  <Function>
    How to play
  </Function>
  <Function>
    <p>
      Each turn a player marks a field
    </p>
    <div
      className="bigBoard"
    >
      <HowToPlayContent
        boardState={
          Object {
            "activeBoards": Array [
              Object {
                "x": 0,
                "y": 0,
              },
              Object {
                "x": 0,
                "y": 1,
              },
              Object {
                "x": 0,
                "y": 2,
              },
              Object {
                "x": 1,
                "y": 0,
              },
              Object {
                "x": 1,
                "y": 1,
              },
              Object {
                "x": 1,
                "y": 2,
              },
              Object {
                "x": 2,
                "y": 0,
              },
              Object {
                "x": 2,
                "y": 1,
              },
              Object {
                "x": 2,
                "y": 2,
              },
            ],
            "animate": true,
            "board": Array [
              Object {
                "position": Object {
                  "x": 0,
                  "y": 0,
                },
                "tiles": Array [
                  Object {
                    "boardPosition": Object {
                      "x": 0,
                      "y": 0,
                    },
                    "position": Object {
                      "x": 0,
                      "y": 0,
                    },
                    "value": 2,
                  },
                  Object {
                    "boardPosition": Object {
                      "x": 0,
                      "y": 0,
                    },
                    "position": Object {
                      "x": 0,
                      "y": 1,
                    },
                    "value": 2,
                  },
                  Object {
                    "boardPosition": Object {
                      "x": 0,
                      "y": 0,
                    },
                    "position": Object {
                      "x": 0,
                      "y": 2,
                    },
                    "value": 2,
                  },
                  Object {
                    "boardPosition": Object {
                      "x": 0,
                      "y": 0,
                    },
                    "position": Object {
                      "x": 1,
                      "y": 0,
                    },
                    "value": 2,
                  },
                  Object {
                    "boardPosition": Object {
                      "x": 0,
                      "y": 0,
                    },
                    "position": Object {
                      "x": 1,
                      "y": 1,
                    },
                    "value": 2,
                  },
                  Object {
                    "boardPosition": Object {
                      "x": 0,
                      "y": 0,
                    },
                    "position": Object {
                      "x": 1,
                      "y": 2,
                    },
                    "value": 2,
                  },
                  Object {
                    "boardPosition": Object {
                      "x": 0,
                      "y": 0,
                    },
                    "position": Object {
                      "x": 2,
                      "y": 0,
                    },
                    "value": 2,
                  },
                  Object {
                    "boardPosition": Object {
                      "x": 0,
                      "y": 0,
                    },
                    "position": Object {
                      "x": 2,
                      "y": 1,
                    },
                    "value": 2,
                  },
                  Object {
                    "boardPosition": Object {
                      "x": 0,
                      "y": 0,
                    },
                    "position": Object {
                      "x": 2,
                      "y": 2,
                    },
                    "value": 2,
                  },
                ],
                "value": 2,
              },
              Object {
                "position": Object {
                  "x": 0,
                  "y": 1,
                },
                "tiles": Array [
                  Object {
                    "boardPosition": Object {
                      "x": 0,
                      "y": 1,
                    },
                    "position": Object {
                      "x": 0,
                      "y": 0,
                    },
                    "value": 2,
                  },
                  Object {
                    "boardPosition": Object {
                      "x": 0,
                      "y": 1,
                    },
                    "position": Object {
                      "x": 0,
                      "y": 1,
                    },
                    "value": 2,
                  },
                  Object {
                    "boardPosition": Object {
                      "x": 0,
                      "y": 1,
                    },
                    "position": Object {
                      "x": 0,
                      "y": 2,
                    },
                    "value": 2,
                  },
                  Object {
                    "boardPosition": Object {
                      "x": 0,
                      "y": 1,
                    },
                    "position": Object {
                      "x": 1,
                      "y": 0,
                    },
                    "value": 2,
                  },
                  Object {
                    "boardPosition": Object {
                      "x": 0,
                      "y": 1,
                    },
                    "position": Object {
                      "x": 1,
                      "y": 1,
                    },
                    "value": 2,
                  },
                  Object {
                    "boardPosition": Object {
                      "x": 0,
                      "y": 1,
                    },
                    "position": Object {
                      "x": 1,
                      "y": 2,
                    },
                    "value": 2,
                  },
                  Object {
                    "boardPosition": Object {
                      "x": 0,
                      "y": 1,
                    },
                    "position": Object {
                      "x": 2,
                      "y": 0,
                    },
                    "value": 2,
                  },
                  Object {
                    "boardPosition": Object {
                      "x": 0,
                      "y": 1,
                    },
                    "position": Object {
                      "x": 2,
                      "y": 1,
                    },
                    "value": 2,
                  },
                  Object {
                    "boardPosition": Object {
                      "x": 0,
                      "y": 1,
                    },
                    "position": Object {
                      "x": 2,
                      "y": 2,
                    },
                    "value": 2,
                  },
                ],
                "value": 2,
              },
              Object {
                "position": Object {
                  "x": 0,
                  "y": 2,
                },
                "tiles": Array [
                  Object {
                    "boardPosition": Object {
                      "x": 0,
                      "y": 2,
                    },
                    "position": Object {
                      "x": 0,
                      "y": 0,
                    },
                    "value": 2,
                  },
                  Object {
                    "boardPosition": Object {
                      "x": 0,
                      "y": 2,
                    },
                    "position": Object {
                      "x": 0,
                      "y": 1,
                    },
                    "value": 2,
                  },
                  Object {
                    "boardPosition": Object {
                      "x": 0,
                      "y": 2,
                    },
                    "position": Object {
                      "x": 0,
                      "y": 2,
                    },
                    "value": 2,
                  },
                  Object {
                    "boardPosition": Object {
                      "x": 0,
                      "y": 2,
                    },
                    "position": Object {
                      "x": 1,
                      "y": 0,
                    },
                    "value": 2,
                  },
                  Object {
                    "boardPosition": Object {
                      "x": 0,
                      "y": 2,
                    },
                    "position": Object {
                      "x": 1,
                      "y": 1,
                    },
                    "value": 2,
                  },
                  Object {
                    "boardPosition": Object {
                      "x": 0,
                      "y": 2,
                    },
                    "position": Object {
                      "x": 1,
                      "y": 2,
                    },
                    "value": 2,
                  },
                  Object {
                    "boardPosition": Object {
                      "x": 0,
                      "y": 2,
                    },
                    "position": Object {
                      "x": 2,
                      "y": 0,
                    },
                    "value": 2,
                  },
                  Object {
                    "boardPosition": Object {
                      "x": 0,
                      "y": 2,
                    },
                    "position": Object {
                      "x": 2,
                      "y": 1,
                    },
                    "value": 2,
                  },
                  Object {
                    "boardPosition": Object {
                      "x": 0,
                      "y": 2,
                    },
                    "position": Object {
                      "x": 2,
                      "y": 2,
                    },
                    "value": 2,
                  },
                ],
                "value": 2,
              },
              Object {
                "position": Object {
                  "x": 1,
                  "y": 0,
                },
                "tiles": Array [
                  Object {
                    "boardPosition": Object {
                      "x": 1,
                      "y": 0,
                    },
                    "position": Object {
                      "x": 0,
                      "y": 0,
                    },
                    "value": 2,
                  },
                  Object {
                    "boardPosition": Object {
                      "x": 1,
                      "y": 0,
                    },
                    "position": Object {
                      "x": 0,
                      "y": 1,
                    },
                    "value": 2,
                  },
                  Object {
                    "boardPosition": Object {
                      "x": 1,
                      "y": 0,
                    },
                    "position": Object {
                      "x": 0,
                      "y": 2,
                    },
                    "value": 2,
                  },
                  Object {
                    "boardPosition": Object {
                      "x": 1,
                      "y": 0,
                    },
                    "position": Object {
                      "x": 1,
                      "y": 0,
                    },
                    "value": 2,
                  },
                  Object {
                    "boardPosition": Object {
                      "x": 1,
                      "y": 0,
                    },
                    "position": Object {
                      "x": 1,
                      "y": 1,
                    },
                    "value": 2,
                  },
                  Object {
                    "boardPosition": Object {
                      "x": 1,
                      "y": 0,
                    },
                    "position": Object {
                      "x": 1,
                      "y": 2,
                    },
                    "value": 2,
                  },
                  Object {
                    "boardPosition": Object {
                      "x": 1,
                      "y": 0,
                    },
                    "position": Object {
                      "x": 2,
                      "y": 0,
                    },
                    "value": 2,
                  },
                  Object {
                    "boardPosition": Object {
                      "x": 1,
                      "y": 0,
                    },
                    "position": Object {
                      "x": 2,
                      "y": 1,
                    },
                    "value": 2,
                  },
                  Object {
                    "boardPosition": Object {
                      "x": 1,
                      "y": 0,
                    },
                    "position": Object {
                      "x": 2,
                      "y": 2,
                    },
                    "value": 2,
                  },
                ],
                "value": 2,
              },
              Object {
                "position": Object {
                  "x": 1,
                  "y": 1,
                },
                "tiles": Array [
                  Object {
                    "boardPosition": Object {
                      "x": 1,
                      "y": 1,
                    },
                    "position": Object {
                      "x": 0,
                      "y": 0,
                    },
                    "value": 2,
                  },
                  Object {
                    "boardPosition": Object {
                      "x": 1,
                      "y": 1,
                    },
                    "position": Object {
                      "x": 0,
                      "y": 1,
                    },
                    "value": 2,
                  },
                  Object {
                    "boardPosition": Object {
                      "x": 1,
                      "y": 1,
                    },
                    "position": Object {
                      "x": 0,
                      "y": 2,
                    },
                    "value": 2,
                  },
                  Object {
                    "boardPosition": Object {
                      "x": 1,
                      "y": 1,
                    },
                    "position": Object {
                      "x": 1,
                      "y": 0,
                    },
                    "value": 2,
                  },
                  Object {
                    "boardPosition": Object {
                      "x": 1,
                      "y": 1,
                    },
                    "position": Object {
                      "x": 1,
                      "y": 1,
                    },
                    "value": 2,
                  },
                  Object {
                    "boardPosition": Object {
                      "x": 1,
                      "y": 1,
                    },
                    "position": Object {
                      "x": 1,
                      "y": 2,
                    },
                    "value": 2,
                  },
                  Object {
                    "boardPosition": Object {
                      "x": 1,
                      "y": 1,
                    },
                    "position": Object {
                      "x": 2,
                      "y": 0,
                    },
                    "value": 2,
                  },
                  Object {
                    "boardPosition": Object {
                      "x": 1,
                      "y": 1,
                    },
                    "position": Object {
                      "x": 2,
                      "y": 1,
                    },
                    "value": 2,
                  },
                  Object {
                    "boardPosition": Object {
                      "x": 1,
                      "y": 1,
                    },
                    "position": Object {
                      "x": 2,
                      "y": 2,
                    },
                    "value": 2,
                  },
                ],
                "value": 2,
              },
              Object {
                "position": Object {
                  "x": 1,
                  "y": 2,
                },
                "tiles": Array [
                  Object {
                    "boardPosition": Object {
                      "x": 1,
                      "y": 2,
                    },
                    "position": Object {
                      "x": 0,
                      "y": 0,
                    },
                    "value": 2,
                  },
                  Object {
                    "boardPosition": Object {
                      "x": 1,
                      "y": 2,
                    },
                    "position": Object {
                      "x": 0,
                      "y": 1,
                    },
                    "value": 2,
                  },
                  Object {
                    "boardPosition": Object {
                      "x": 1,
                      "y": 2,
                    },
                    "position": Object {
                      "x": 0,
                      "y": 2,
                    },
                    "value": 2,
                  },
                  Object {
                    "boardPosition": Object {
                      "x": 1,
                      "y": 2,
                    },
                    "position": Object {
                      "x": 1,
                      "y": 0,
                    },
                    "value": 2,
                  },
                  Object {
                    "boardPosition": Object {
                      "x": 1,
                      "y": 2,
                    },
                    "position": Object {
                      "x": 1,
                      "y": 1,
                    },
                    "value": 2,
                  },
                  Object {
                    "boardPosition": Object {
                      "x": 1,
                      "y": 2,
                    },
                    "position": Object {
                      "x": 1,
                      "y": 2,
                    },
                    "value": 2,
                  },
                  Object {
                    "boardPosition": Object {
                      "x": 1,
                      "y": 2,
                    },
                    "position": Object {
                      "x": 2,
                      "y": 0,
                    },
                    "value": 2,
                  },
                  Object {
                    "boardPosition": Object {
                      "x": 1,
                      "y": 2,
                    },
                    "position": Object {
                      "x": 2,
                      "y": 1,
                    },
                    "value": 2,
                  },
                  Object {
                    "boardPosition": Object {
                      "x": 1,
                      "y": 2,
                    },
                    "position": Object {
                      "x": 2,
                      "y": 2,
                    },
                    "value": 2,
                  },
                ],
                "value": 2,
              },
              Object {
                "position": Object {
                  "x": 2,
                  "y": 0,
                },
                "tiles": Array [
                  Object {
                    "boardPosition": Object {
                      "x": 2,
                      "y": 0,
                    },
                    "position": Object {
                      "x": 0,
                      "y": 0,
                    },
                    "value": 2,
                  },
                  Object {
                    "boardPosition": Object {
                      "x": 2,
                      "y": 0,
                    },
                    "position": Object {
                      "x": 0,
                      "y": 1,
                    },
                    "value": 2,
                  },
                  Object {
                    "boardPosition": Object {
                      "x": 2,
                      "y": 0,
                    },
                    "position": Object {
                      "x": 0,
                      "y": 2,
                    },
                    "value": 2,
                  },
                  Object {
                    "boardPosition": Object {
                      "x": 2,
                      "y": 0,
                    },
                    "position": Object {
                      "x": 1,
                      "y": 0,
                    },
                    "value": 2,
                  },
                  Object {
                    "boardPosition": Object {
                      "x": 2,
                      "y": 0,
                    },
                    "position": Object {
                      "x": 1,
                      "y": 1,
                    },
                    "value": 2,
                  },
                  Object {
                    "boardPosition": Object {
                      "x": 2,
                      "y": 0,
                    },
                    "position": Object {
                      "x": 1,
                      "y": 2,
                    },
                    "value": 2,
                  },
                  Object {
                    "boardPosition": Object {
                      "x": 2,
                      "y": 0,
                    },
                    "position": Object {
                      "x": 2,
                      "y": 0,
                    },
                    "value": 2,
                  },
                  Object {
                    "boardPosition": Object {
                      "x": 2,
                      "y": 0,
                    },
                    "position": Object {
                      "x": 2,
                      "y": 1,
                    },
                    "value": 2,
                  },
                  Object {
                    "boardPosition": Object {
                      "x": 2,
                      "y": 0,
                    },
                    "position": Object {
                      "x": 2,
                      "y": 2,
                    },
                    "value": 2,
                  },
                ],
                "value": 2,
              },
              Object {
                "position": Object {
                  "x": 2,
                  "y": 1,
                },
                "tiles": Array [
                  Object {
                    "boardPosition": Object {
                      "x": 2,
                      "y": 1,
                    },
                    "position": Object {
                      "x": 0,
                      "y": 0,
                    },
                    "value": 2,
                  },
                  Object {
                    "boardPosition": Object {
                      "x": 2,
                      "y": 1,
                    },
                    "position": Object {
                      "x": 0,
                      "y": 1,
                    },
                    "value": 2,
                  },
                  Object {
                    "boardPosition": Object {
                      "x": 2,
                      "y": 1,
                    },
                    "position": Object {
                      "x": 0,
                      "y": 2,
                    },
                    "value": 2,
                  },
                  Object {
                    "boardPosition": Object {
                      "x": 2,
                      "y": 1,
                    },
                    "position": Object {
                      "x": 1,
                      "y": 0,
                    },
                    "value": 2,
                  },
                  Object {
                    "boardPosition": Object {
                      "x": 2,
                      "y": 1,
                    },
                    "position": Object {
                      "x": 1,
                      "y": 1,
                    },
                    "value": 2,
                  },
                  Object {
                    "boardPosition": Object {
                      "x": 2,
                      "y": 1,
                    },
                    "position": Object {
                      "x": 1,
                      "y": 2,
                    },
                    "value": 2,
                  },
                  Object {
                    "boardPosition": Object {
                      "x": 2,
                      "y": 1,
                    },
                    "position": Object {
                      "x": 2,
                      "y": 0,
                    },
                    "value": 2,
                  },
                  Object {
                    "boardPosition": Object {
                      "x": 2,
                      "y": 1,
                    },
                    "position": Object {
                      "x": 2,
                      "y": 1,
                    },
                    "value": 2,
                  },
                  Object {
                    "boardPosition": Object {
                      "x": 2,
                      "y": 1,
                    },
                    "position": Object {
                      "x": 2,
                      "y": 2,
                    },
                    "value": 2,
                  },
                ],
                "value": 2,
              },
              Object {
                "position": Object {
                  "x": 2,
                  "y": 2,
                },
                "tiles": Array [
                  Object {
                    "boardPosition": Object {
                      "x": 2,
                      "y": 2,
                    },
                    "position": Object {
                      "x": 0,
                      "y": 0,
                    },
                    "value": 2,
                  },
                  Object {
                    "boardPosition": Object {
                      "x": 2,
                      "y": 2,
                    },
                    "position": Object {
                      "x": 0,
                      "y": 1,
                    },
                    "value": 2,
                  },
                  Object {
                    "boardPosition": Object {
                      "x": 2,
                      "y": 2,
                    },
                    "position": Object {
                      "x": 0,
                      "y": 2,
                    },
                    "value": 2,
                  },
                  Object {
                    "boardPosition": Object {
                      "x": 2,
                      "y": 2,
                    },
                    "position": Object {
                      "x": 1,
                      "y": 0,
                    },
                    "value": 2,
                  },
                  Object {
                    "boardPosition": Object {
                      "x": 2,
                      "y": 2,
                    },
                    "position": Object {
                      "x": 1,
                      "y": 1,
                    },
                    "value": 2,
                  },
                  Object {
                    "boardPosition": Object {
                      "x": 2,
                      "y": 2,
                    },
                    "position": Object {
                      "x": 1,
                      "y": 2,
                    },
                    "value": 2,
                  },
                  Object {
                    "boardPosition": Object {
                      "x": 2,
                      "y": 2,
                    },
                    "position": Object {
                      "x": 2,
                      "y": 0,
                    },
                    "value": 2,
                  },
                  Object {
                    "boardPosition": Object {
                      "x": 2,
                      "y": 2,
                    },
                    "position": Object {
                      "x": 2,
                      "y": 1,
                    },
                    "value": 2,
                  },
                  Object {
                    "boardPosition": Object {
                      "x": 2,
                      "y": 2,
                    },
                    "position": Object {
                      "x": 2,
                      "y": 2,
                    },
                    "value": 2,
                  },
                ],
                "value": 2,
              },
            ],
            "currentPlayer": 0,
          }
        }
      />
    </div>
  </Function>
  <Function>
    <ActionBar
      maxStepNumber={10}
      onBackward={[Function]}
      onClose={[Function]}
      onForward={[Function]}
      stepNumber={1}
    />
  </Function>
</Function>
`;
