// Jest Snapshot v1, https://goo.gl/fbAQLP

exports[`NoWinnerSymbol should match snapshot 1`] = `
ShallowWrapper {
  "length": 1,
  Symbol(enzyme.__root__): [Circular],
  Symbol(enzyme.__unrendered__): <NoWinnerSymbol />,
  Symbol(enzyme.__renderer__): Object {
    "batchedUpdates": [Function],
    "getNode": [Function],
    "render": [Function],
    "simulateEvent": [Function],
    "unmount": [Function],
  },
  Symbol(enzyme.__node__): Object {
    "instance": null,
    "key": undefined,
    "nodeType": "host",
    "props": Object {
      "aria-label": "No Winner Symbol",
      "className": "icon-no-winner big-symbol no-winner",
    },
    "ref": null,
    "rendered": null,
    "type": "i",
  },
  Symbol(enzyme.__nodes__): Array [
    Object {
      "instance": null,
      "key": undefined,
      "nodeType": "host",
      "props": Object {
        "aria-label": "No Winner Symbol",
        "className": "icon-no-winner big-symbol no-winner",
      },
      "ref": null,
      "rendered": null,
      "type": "i",
    },
  ],
  Symbol(enzyme.__options__): Object {
    "adapter": ReactSixteenAdapter {
      "options": Object {
        "enableComponentDidUpdateOnSetState": true,
      },
    },
  },
}
`;
