// Jest Snapshot v1, https://goo.gl/fbAQLP

exports[`GameSummaryCard should match snapshot 1`] = `
<Function>
  <div
    className="padding10"
  >
    <div>
      <Function
        tag="h2"
        use="headline4"
      >
        Game No. 
        1
      </Function>
    </div>
    <div>
      <Function
        tag="h3"
        use="subtitle2"
      >
        <Icon
          className="winnerIcon"
          icon={
            Object {
              "aria-label": "O",
              "icon": <MdPanoramaFishEye />,
              "size": "medium",
            }
          }
        />
        won after 
        30
         moves.
      </Function>
    </div>
    <div
      className="paddingBot10"
    >
      <Function
        className="italic"
        tag="p"
        use="subtitle2"
      >
        3 days
         
        ago
      </Function>
    </div>
    <Function
      tag="div"
    />
  </div>
  <div
    className="padding10"
  >
    <a
      className="sr-only"
      href="#analyse-button-1"
    >
      Skip Board Declaration
    </a>
    <BigBoard
      activeBoards={Array []}
      animate={false}
      board={
        Array [
          Object {
            "position": Object {
              "x": 0,
              "y": 0,
            },
            "tiles": Array [
              Object {
                "boardPosition": Object {
                  "x": 0,
                  "y": 0,
                },
                "position": Object {
                  "x": 0,
                  "y": 0,
                },
                "value": 2,
              },
              Object {
                "boardPosition": Object {
                  "x": 0,
                  "y": 0,
                },
                "position": Object {
                  "x": 0,
                  "y": 1,
                },
                "value": 1,
              },
              Object {
                "boardPosition": Object {
                  "x": 0,
                  "y": 0,
                },
                "position": Object {
                  "x": 0,
                  "y": 2,
                },
                "value": 2,
              },
              Object {
                "boardPosition": Object {
                  "x": 0,
                  "y": 0,
                },
                "position": Object {
                  "x": 1,
                  "y": 0,
                },
                "value": 1,
              },
              Object {
                "boardPosition": Object {
                  "x": 0,
                  "y": 0,
                },
                "position": Object {
                  "x": 1,
                  "y": 1,
                },
                "value": 1,
              },
              Object {
                "boardPosition": Object {
                  "x": 0,
                  "y": 0,
                },
                "position": Object {
                  "x": 1,
                  "y": 2,
                },
                "value": 2,
              },
              Object {
                "boardPosition": Object {
                  "x": 0,
                  "y": 0,
                },
                "position": Object {
                  "x": 2,
                  "y": 0,
                },
                "value": 2,
              },
              Object {
                "boardPosition": Object {
                  "x": 0,
                  "y": 0,
                },
                "position": Object {
                  "x": 2,
                  "y": 1,
                },
                "value": 1,
              },
              Object {
                "boardPosition": Object {
                  "x": 0,
                  "y": 0,
                },
                "position": Object {
                  "x": 2,
                  "y": 2,
                },
                "value": 1,
              },
            ],
            "value": 1,
          },
          Object {
            "position": Object {
              "x": 0,
              "y": 1,
            },
            "tiles": Array [
              Object {
                "boardPosition": Object {
                  "x": 0,
                  "y": 1,
                },
                "position": Object {
                  "x": 0,
                  "y": 0,
                },
                "value": 2,
              },
              Object {
                "boardPosition": Object {
                  "x": 0,
                  "y": 1,
                },
                "position": Object {
                  "x": 0,
                  "y": 1,
                },
                "value": 2,
              },
              Object {
                "boardPosition": Object {
                  "x": 0,
                  "y": 1,
                },
                "position": Object {
                  "x": 0,
                  "y": 2,
                },
                "value": 2,
              },
              Object {
                "boardPosition": Object {
                  "x": 0,
                  "y": 1,
                },
                "position": Object {
                  "x": 1,
                  "y": 0,
                },
                "value": 1,
              },
              Object {
                "boardPosition": Object {
                  "x": 0,
                  "y": 1,
                },
                "position": Object {
                  "x": 1,
                  "y": 1,
                },
                "value": 1,
              },
              Object {
                "boardPosition": Object {
                  "x": 0,
                  "y": 1,
                },
                "position": Object {
                  "x": 1,
                  "y": 2,
                },
                "value": 1,
              },
              Object {
                "boardPosition": Object {
                  "x": 0,
                  "y": 1,
                },
                "position": Object {
                  "x": 2,
                  "y": 0,
                },
                "value": 2,
              },
              Object {
                "boardPosition": Object {
                  "x": 0,
                  "y": 1,
                },
                "position": Object {
                  "x": 2,
                  "y": 1,
                },
                "value": 2,
              },
              Object {
                "boardPosition": Object {
                  "x": 0,
                  "y": 1,
                },
                "position": Object {
                  "x": 2,
                  "y": 2,
                },
                "value": 2,
              },
            ],
            "value": 1,
          },
          Object {
            "position": Object {
              "x": 0,
              "y": 2,
            },
            "tiles": Array [
              Object {
                "boardPosition": Object {
                  "x": 0,
                  "y": 2,
                },
                "position": Object {
                  "x": 0,
                  "y": 0,
                },
                "value": 2,
              },
              Object {
                "boardPosition": Object {
                  "x": 0,
                  "y": 2,
                },
                "position": Object {
                  "x": 0,
                  "y": 1,
                },
                "value": 2,
              },
              Object {
                "boardPosition": Object {
                  "x": 0,
                  "y": 2,
                },
                "position": Object {
                  "x": 0,
                  "y": 2,
                },
                "value": 1,
              },
              Object {
                "boardPosition": Object {
                  "x": 0,
                  "y": 2,
                },
                "position": Object {
                  "x": 1,
                  "y": 0,
                },
                "value": 2,
              },
              Object {
                "boardPosition": Object {
                  "x": 0,
                  "y": 2,
                },
                "position": Object {
                  "x": 1,
                  "y": 1,
                },
                "value": 2,
              },
              Object {
                "boardPosition": Object {
                  "x": 0,
                  "y": 2,
                },
                "position": Object {
                  "x": 1,
                  "y": 2,
                },
                "value": 1,
              },
              Object {
                "boardPosition": Object {
                  "x": 0,
                  "y": 2,
                },
                "position": Object {
                  "x": 2,
                  "y": 0,
                },
                "value": 2,
              },
              Object {
                "boardPosition": Object {
                  "x": 0,
                  "y": 2,
                },
                "position": Object {
                  "x": 2,
                  "y": 1,
                },
                "value": 2,
              },
              Object {
                "boardPosition": Object {
                  "x": 0,
                  "y": 2,
                },
                "position": Object {
                  "x": 2,
                  "y": 2,
                },
                "value": 1,
              },
            ],
            "value": 1,
          },
          Object {
            "position": Object {
              "x": 1,
              "y": 0,
            },
            "tiles": Array [
              Object {
                "boardPosition": Object {
                  "x": 1,
                  "y": 0,
                },
                "position": Object {
                  "x": 0,
                  "y": 0,
                },
                "value": 0,
              },
              Object {
                "boardPosition": Object {
                  "x": 1,
                  "y": 0,
                },
                "position": Object {
                  "x": 0,
                  "y": 1,
                },
                "value": 0,
              },
              Object {
                "boardPosition": Object {
                  "x": 1,
                  "y": 0,
                },
                "position": Object {
                  "x": 0,
                  "y": 2,
                },
                "value": 0,
              },
              Object {
                "boardPosition": Object {
                  "x": 1,
                  "y": 0,
                },
                "position": Object {
                  "x": 1,
                  "y": 0,
                },
                "value": 2,
              },
              Object {
                "boardPosition": Object {
                  "x": 1,
                  "y": 0,
                },
                "position": Object {
                  "x": 1,
                  "y": 1,
                },
                "value": 2,
              },
              Object {
                "boardPosition": Object {
                  "x": 1,
                  "y": 0,
                },
                "position": Object {
                  "x": 1,
                  "y": 2,
                },
                "value": 2,
              },
              Object {
                "boardPosition": Object {
                  "x": 1,
                  "y": 0,
                },
                "position": Object {
                  "x": 2,
                  "y": 0,
                },
                "value": 2,
              },
              Object {
                "boardPosition": Object {
                  "x": 1,
                  "y": 0,
                },
                "position": Object {
                  "x": 2,
                  "y": 1,
                },
                "value": 2,
              },
              Object {
                "boardPosition": Object {
                  "x": 1,
                  "y": 0,
                },
                "position": Object {
                  "x": 2,
                  "y": 2,
                },
                "value": 2,
              },
            ],
            "value": 0,
          },
          Object {
            "position": Object {
              "x": 1,
              "y": 1,
            },
            "tiles": Array [
              Object {
                "boardPosition": Object {
                  "x": 1,
                  "y": 1,
                },
                "position": Object {
                  "x": 0,
                  "y": 0,
                },
                "value": 2,
              },
              Object {
                "boardPosition": Object {
                  "x": 1,
                  "y": 1,
                },
                "position": Object {
                  "x": 0,
                  "y": 1,
                },
                "value": 0,
              },
              Object {
                "boardPosition": Object {
                  "x": 1,
                  "y": 1,
                },
                "position": Object {
                  "x": 0,
                  "y": 2,
                },
                "value": 1,
              },
              Object {
                "boardPosition": Object {
                  "x": 1,
                  "y": 1,
                },
                "position": Object {
                  "x": 1,
                  "y": 0,
                },
                "value": 2,
              },
              Object {
                "boardPosition": Object {
                  "x": 1,
                  "y": 1,
                },
                "position": Object {
                  "x": 1,
                  "y": 1,
                },
                "value": 2,
              },
              Object {
                "boardPosition": Object {
                  "x": 1,
                  "y": 1,
                },
                "position": Object {
                  "x": 1,
                  "y": 2,
                },
                "value": 1,
              },
              Object {
                "boardPosition": Object {
                  "x": 1,
                  "y": 1,
                },
                "position": Object {
                  "x": 2,
                  "y": 0,
                },
                "value": 0,
              },
              Object {
                "boardPosition": Object {
                  "x": 1,
                  "y": 1,
                },
                "position": Object {
                  "x": 2,
                  "y": 1,
                },
                "value": 2,
              },
              Object {
                "boardPosition": Object {
                  "x": 1,
                  "y": 1,
                },
                "position": Object {
                  "x": 2,
                  "y": 2,
                },
                "value": 1,
              },
            ],
            "value": 1,
          },
          Object {
            "position": Object {
              "x": 1,
              "y": 2,
            },
            "tiles": Array [
              Object {
                "boardPosition": Object {
                  "x": 1,
                  "y": 2,
                },
                "position": Object {
                  "x": 0,
                  "y": 0,
                },
                "value": 0,
              },
              Object {
                "boardPosition": Object {
                  "x": 1,
                  "y": 2,
                },
                "position": Object {
                  "x": 0,
                  "y": 1,
                },
                "value": 2,
              },
              Object {
                "boardPosition": Object {
                  "x": 1,
                  "y": 2,
                },
                "position": Object {
                  "x": 0,
                  "y": 2,
                },
                "value": 0,
              },
              Object {
                "boardPosition": Object {
                  "x": 1,
                  "y": 2,
                },
                "position": Object {
                  "x": 1,
                  "y": 0,
                },
                "value": 2,
              },
              Object {
                "boardPosition": Object {
                  "x": 1,
                  "y": 2,
                },
                "position": Object {
                  "x": 1,
                  "y": 1,
                },
                "value": 0,
              },
              Object {
                "boardPosition": Object {
                  "x": 1,
                  "y": 2,
                },
                "position": Object {
                  "x": 1,
                  "y": 2,
                },
                "value": 2,
              },
              Object {
                "boardPosition": Object {
                  "x": 1,
                  "y": 2,
                },
                "position": Object {
                  "x": 2,
                  "y": 0,
                },
                "value": 2,
              },
              Object {
                "boardPosition": Object {
                  "x": 1,
                  "y": 2,
                },
                "position": Object {
                  "x": 2,
                  "y": 1,
                },
                "value": 2,
              },
              Object {
                "boardPosition": Object {
                  "x": 1,
                  "y": 2,
                },
                "position": Object {
                  "x": 2,
                  "y": 2,
                },
                "value": 2,
              },
            ],
            "value": 2,
          },
          Object {
            "position": Object {
              "x": 2,
              "y": 0,
            },
            "tiles": Array [
              Object {
                "boardPosition": Object {
                  "x": 2,
                  "y": 0,
                },
                "position": Object {
                  "x": 0,
                  "y": 0,
                },
                "value": 0,
              },
              Object {
                "boardPosition": Object {
                  "x": 2,
                  "y": 0,
                },
                "position": Object {
                  "x": 0,
                  "y": 1,
                },
                "value": 2,
              },
              Object {
                "boardPosition": Object {
                  "x": 2,
                  "y": 0,
                },
                "position": Object {
                  "x": 0,
                  "y": 2,
                },
                "value": 2,
              },
              Object {
                "boardPosition": Object {
                  "x": 2,
                  "y": 0,
                },
                "position": Object {
                  "x": 1,
                  "y": 0,
                },
                "value": 2,
              },
              Object {
                "boardPosition": Object {
                  "x": 2,
                  "y": 0,
                },
                "position": Object {
                  "x": 1,
                  "y": 1,
                },
                "value": 2,
              },
              Object {
                "boardPosition": Object {
                  "x": 2,
                  "y": 0,
                },
                "position": Object {
                  "x": 1,
                  "y": 2,
                },
                "value": 2,
              },
              Object {
                "boardPosition": Object {
                  "x": 2,
                  "y": 0,
                },
                "position": Object {
                  "x": 2,
                  "y": 0,
                },
                "value": 2,
              },
              Object {
                "boardPosition": Object {
                  "x": 2,
                  "y": 0,
                },
                "position": Object {
                  "x": 2,
                  "y": 1,
                },
                "value": 1,
              },
              Object {
                "boardPosition": Object {
                  "x": 2,
                  "y": 0,
                },
                "position": Object {
                  "x": 2,
                  "y": 2,
                },
                "value": 2,
              },
            ],
            "value": 2,
          },
          Object {
            "position": Object {
              "x": 2,
              "y": 1,
            },
            "tiles": Array [
              Object {
                "boardPosition": Object {
                  "x": 2,
                  "y": 1,
                },
                "position": Object {
                  "x": 0,
                  "y": 0,
                },
                "value": 0,
              },
              Object {
                "boardPosition": Object {
                  "x": 2,
                  "y": 1,
                },
                "position": Object {
                  "x": 0,
                  "y": 1,
                },
                "value": 0,
              },
              Object {
                "boardPosition": Object {
                  "x": 2,
                  "y": 1,
                },
                "position": Object {
                  "x": 0,
                  "y": 2,
                },
                "value": 0,
              },
              Object {
                "boardPosition": Object {
                  "x": 2,
                  "y": 1,
                },
                "position": Object {
                  "x": 1,
                  "y": 0,
                },
                "value": 2,
              },
              Object {
                "boardPosition": Object {
                  "x": 2,
                  "y": 1,
                },
                "position": Object {
                  "x": 1,
                  "y": 1,
                },
                "value": 2,
              },
              Object {
                "boardPosition": Object {
                  "x": 2,
                  "y": 1,
                },
                "position": Object {
                  "x": 1,
                  "y": 2,
                },
                "value": 2,
              },
              Object {
                "boardPosition": Object {
                  "x": 2,
                  "y": 1,
                },
                "position": Object {
                  "x": 2,
                  "y": 0,
                },
                "value": 2,
              },
              Object {
                "boardPosition": Object {
                  "x": 2,
                  "y": 1,
                },
                "position": Object {
                  "x": 2,
                  "y": 1,
                },
                "value": 2,
              },
              Object {
                "boardPosition": Object {
                  "x": 2,
                  "y": 1,
                },
                "position": Object {
                  "x": 2,
                  "y": 2,
                },
                "value": 2,
              },
            ],
            "value": 0,
          },
          Object {
            "position": Object {
              "x": 2,
              "y": 2,
            },
            "tiles": Array [
              Object {
                "boardPosition": Object {
                  "x": 2,
                  "y": 2,
                },
                "position": Object {
                  "x": 0,
                  "y": 0,
                },
                "value": 2,
              },
              Object {
                "boardPosition": Object {
                  "x": 2,
                  "y": 2,
                },
                "position": Object {
                  "x": 0,
                  "y": 1,
                },
                "value": 0,
              },
              Object {
                "boardPosition": Object {
                  "x": 2,
                  "y": 2,
                },
                "position": Object {
                  "x": 0,
                  "y": 2,
                },
                "value": 0,
              },
              Object {
                "boardPosition": Object {
                  "x": 2,
                  "y": 2,
                },
                "position": Object {
                  "x": 1,
                  "y": 0,
                },
                "value": 2,
              },
              Object {
                "boardPosition": Object {
                  "x": 2,
                  "y": 2,
                },
                "position": Object {
                  "x": 1,
                  "y": 1,
                },
                "value": 0,
              },
              Object {
                "boardPosition": Object {
                  "x": 2,
                  "y": 2,
                },
                "position": Object {
                  "x": 1,
                  "y": 2,
                },
                "value": 2,
              },
              Object {
                "boardPosition": Object {
                  "x": 2,
                  "y": 2,
                },
                "position": Object {
                  "x": 2,
                  "y": 0,
                },
                "value": 2,
              },
              Object {
                "boardPosition": Object {
                  "x": 2,
                  "y": 2,
                },
                "position": Object {
                  "x": 2,
                  "y": 1,
                },
                "value": 2,
              },
              Object {
                "boardPosition": Object {
                  "x": 2,
                  "y": 2,
                },
                "position": Object {
                  "x": 2,
                  "y": 2,
                },
                "value": 2,
              },
            ],
            "value": 2,
          },
        ]
      }
      currentPlayer={0}
    />
  </div>
  <Function>
    <Function
      id="analyse-button-1"
      label="Analyse Game"
      tag={
        Object {
          "$$typeof": Symbol(react.forward_ref),
          "displayName": "Link",
          "propTypes": Object {
            "innerRef": [Function],
            "onClick": [Function],
            "replace": [Function],
            "target": [Function],
            "to": [Function],
          },
          "render": [Function],
        }
      }
      to="/a/location"
      trailingIcon={
        Object {
          "aria-hidden": true,
          "icon": <MdChevronRight />,
        }
      }
    />
  </Function>
</Function>
`;
