// Jest Snapshot v1, https://goo.gl/fbAQLP

exports[`moveValidationSaga should match snapshot 1`] = `
Object {
  "fork": Array [
    Object {
      "@@redux-saga/IO": true,
      "combinator": false,
      "payload": Object {
        "args": Array [
          "game/player-moved",
          "@@redux-saga-test-plan/json/function/playerMoved",
        ],
        "context": null,
        "fn": "@@redux-saga-test-plan/json/function/takeEvery",
      },
      "type": "FORK",
    },
    Object {
      "@@redux-saga/IO": true,
      "combinator": false,
      "payload": Object {
        "args": Array [
          Object {
            "payload": Object {
              "boardPosition": Object {
                "x": 1,
                "y": 1,
              },
              "tilePosition": Object {
                "x": 2,
                "y": 2,
              },
            },
            "type": "game/player-moved",
          },
        ],
        "context": null,
        "fn": "@@redux-saga-test-plan/json/function/playerMoved",
      },
      "type": "FORK",
    },
  ],
  "put": Array [
    Object {
      "@@redux-saga/IO": true,
      "combinator": false,
      "payload": Object {
        "action": Object {
          "payload": Object {
            "boardPosition": Object {
              "x": 1,
              "y": 1,
            },
            "player": 0,
            "tilePosition": Object {
              "x": 2,
              "y": 2,
            },
          },
          "type": "move-reducer/move-registered",
        },
        "channel": undefined,
      },
      "type": "PUT",
    },
    Object {
      "@@redux-saga/IO": true,
      "combinator": false,
      "payload": Object {
        "action": Object {
          "payload": Object {
            "boardPosition": Object {
              "x": 1,
              "y": 1,
            },
            "tilePosition": Object {
              "x": 2,
              "y": 2,
            },
            "tileValue": 0,
          },
          "type": "tile-reducer/set-tile-value",
        },
        "channel": undefined,
      },
      "type": "PUT",
    },
    Object {
      "@@redux-saga/IO": true,
      "combinator": false,
      "payload": Object {
        "action": Object {
          "type": "game/player-changed",
        },
        "channel": undefined,
      },
      "type": "PUT",
    },
    Object {
      "@@redux-saga/IO": true,
      "combinator": false,
      "payload": Object {
        "action": Object {
          "payload": Object {
            "x": 1,
            "y": 1,
          },
          "type": "tile-reducer/calculate-board-value",
        },
        "channel": undefined,
      },
      "type": "PUT",
    },
    Object {
      "@@redux-saga/IO": true,
      "combinator": false,
      "payload": Object {
        "action": Object {
          "type": "activeBoardsReducer/calculate-active-boards",
        },
        "channel": undefined,
      },
      "type": "PUT",
    },
    Object {
      "@@redux-saga/IO": true,
      "combinator": false,
      "payload": Object {
        "action": Object {
          "type": "game/check-game-finished",
        },
        "channel": undefined,
      },
      "type": "PUT",
    },
  ],
  "select": Array [
    Object {
      "@@redux-saga/IO": true,
      "combinator": false,
      "payload": Object {
        "args": Array [],
        "selector": "@@redux-saga-test-plan/json/function/getCurrentPlayer",
      },
      "type": "SELECT",
    },
  ],
  "take": Array [
    Object {
      "@@redux-saga/IO": true,
      "combinator": false,
      "payload": Object {
        "pattern": "game/player-moved",
      },
      "type": "TAKE",
    },
    Object {
      "@@redux-saga/IO": true,
      "combinator": false,
      "payload": Object {
        "pattern": "game/player-moved",
      },
      "type": "TAKE",
    },
  ],
}
`;
