// Jest Snapshot v1, https://goo.gl/fbAQLP

exports[`Paging should match snapshot 1`] = `
<div>
  <ArrowButtons
    maxValue={10}
    minValue={1}
    onInteraction={[Function]}
    value={1}
  >
    <withRipple(Function)
      className="pagingButton"
      dense={true}
      key="1"
      label={1}
      onClick={[Function]}
      unelevated={true}
    />
    <withRipple(Function)
      className="pagingButton"
      dense={true}
      key="2"
      label={2}
      onClick={[Function]}
      unelevated={false}
    />
    <withRipple(Function)
      className="pagingButton"
      dense={true}
      key="3"
      label={3}
      onClick={[Function]}
      unelevated={false}
    />
    <withRipple(Function)
      className="pagingButton"
      dense={true}
      key="4"
      label={4}
      onClick={[Function]}
      unelevated={false}
    />
    <withRipple(Function)
      className="pagingButton"
      dense={true}
      key="5"
      label={5}
      onClick={[Function]}
      unelevated={false}
    />
    <withRipple(Function)
      className="pagingButton"
      dense={true}
      key="6"
      label={6}
      onClick={[Function]}
      unelevated={false}
    />
    <withRipple(Function)
      className="pagingButton"
      dense={true}
      key="7"
      label={7}
      onClick={[Function]}
      unelevated={false}
    />
    <withRipple(Function)
      className="pagingButton"
      dense={true}
      key="8"
      label={8}
      onClick={[Function]}
      unelevated={false}
    />
    <withRipple(Function)
      className="pagingButton"
      dense={true}
      key="9"
      label={9}
      onClick={[Function]}
      unelevated={false}
    />
    <withRipple(Function)
      className="pagingButton"
      dense={true}
      key="10"
      label={10}
      onClick={[Function]}
      unelevated={false}
    />
  </ArrowButtons>
</div>
`;
