// Jest Snapshot v1, https://goo.gl/fbAQLP

exports[`MoveList should match snapshot 1`] = `
<Function
  className="noPadding"
  dense={true}
  onAction={[Function]}
  twoLine={true}
>
  <Element
    key="4"
    name="move-4"
  >
    <Function
      activated={true}
      className="resetIcon smallerMargin biggerIcon fullWidth"
      graphic={
        Object {
          "aria-label": "Player O Icon",
          "icon": <MdPanoramaFishEye />,
          "size": "medium",
        }
      }
      secondaryText="Board 0/0 - Tile 0/2"
      tag="button"
      text="Move 4"
    />
  </Element>
  <Element
    key="3"
    name="move-3"
  >
    <Function
      activated={false}
      className="resetIcon smallerMargin biggerIcon fullWidth"
      graphic={
        Object {
          "aria-label": "Player X Icon",
          "icon": <MdClear />,
          "size": "medium",
        }
      }
      secondaryText="Board 0/1 - Tile 0/0"
      tag="button"
      text="Move 3"
    />
  </Element>
  <Element
    key="2"
    name="move-2"
  >
    <Function
      activated={false}
      className="resetIcon smallerMargin biggerIcon fullWidth"
      graphic={
        Object {
          "aria-label": "Player O Icon",
          "icon": <MdPanoramaFishEye />,
          "size": "medium",
        }
      }
      secondaryText="Board 0/0 - Tile 0/1"
      tag="button"
      text="Move 2"
    />
  </Element>
  <Element
    key="1"
    name="move-1"
  >
    <Function
      activated={false}
      className="resetIcon smallerMargin biggerIcon fullWidth"
      graphic={
        Object {
          "aria-label": "Player X Icon",
          "icon": <MdClear />,
          "size": "medium",
        }
      }
      secondaryText="Board 0/0 - Tile 0/0"
      tag="button"
      text="Move 1"
    />
  </Element>
</Function>
`;
