// Jest Snapshot v1, https://goo.gl/fbAQLP

exports[`HistoryButtons should match snapshot 1`] = `
<Fragment>
  <withRipple(Button)
    className="buttonMargin"
    dense={true}
    disabled={true}
    icon="arrow-left"
    onClick={[Function]}
    raised={true}
  >
    Previous
  </withRipple(Button)>
  <withRipple(Button)
    className="buttonMargin"
    dense={true}
    disabled={false}
    onClick={[Function]}
    raised={true}
    trailingIcon="arrow-right"
  >
    Next
  </withRipple(Button)>
</Fragment>
`;
