// Jest Snapshot v1, https://goo.gl/fbAQLP

exports[`AnalysisGame should match snapshot 1`] = `
<div
  className="center"
>
  <div
    className="analysisLayout"
  >
    <div
      className="moveList"
      id="moveList"
    />
    <div
      className="historyButtons"
    />
    <div
      className="analysisGame"
    />
  </div>
</div>
`;
